  401628     4445 Code                ABBROWSE_TEXT
  405A70     1133 Code                ABEIP_TEXT
  406BA4     2974 Code                ABERROR_TEXT
  409518     5F8B Code                ABFILE_TEXT
  40F4A4      159 Code                ABFUZZY_TEXT
  40F600     21CC Code                ABPOPUP_TEXT
  4117CC     27FA Code                ABQUERY_TEXT
  413FC8     1D40 Code                ABRESIZE_TEXT
  415D08      6DE Code                ABTOOLBA_TEXT
  4163E8     2E15 Code                ABUTIL_TEXT
  419200     1D66 Code                ABWINDOW_TEXT
  41AF68       A8 Code                CWSYNCHC_TEXT
  41B010       23 Code                IEXE32_TEXT
  41B034      5A7 Code                INIT_TEXT
  41B5DC       E3 Code                INST00_TEXT
  41B6C0     55B9 Code                ODDJOB_TEXT
  420C7C     2649 Code                RESIZEANDSPLIT_TEXT
  4232C8    304C1 Code                STRINGTHEORY_TEXT
  45378C     1283 Code                WEBCOMPRESSOR001_TEXT
  454A10      D65 Code                WEBCOMPRESSOR002_TEXT
  455778      24E Code                WEBCOMPRESSOR003_TEXT
  4559C8      2A2 Code                WEBCOMPRESSOR_BC0_TEXT
  455C6C       13 Code                WEBCOMPRESSOR_BC_TEXT
  455C80      100 Code                WEBCOMPRESSOR_TEXT
  455D80     80D5 Code                WINEVENT_TEXT
  45DE58       5B Code                _TEXT
  45E000     1290 Initialized Data    $DEFAULTERRORS_DATA
  45F290       FF Initialized Data    ABBROWSE_CONST
  45F390      9C4 Initialized Data    ABBROWSE_DATA
  45FD54       23 Initialized Data    ABEIP_CONST
  45FD78       B4 Initialized Data    ABEIP_DATA
  45FE2C      199 Initialized Data    ABERROR_CONST
  45FFC8      AD0 Initialized Data    ABERROR_DATA
  460A98       7E Initialized Data    ABFILE_CONST
  460B18      410 Initialized Data    ABFILE_DATA
  460F28        9 Initialized Data    ABFUZZY_CONST
  460F34       B4 Initialized Data    ABFUZZY_DATA
  460FE8       2D Initialized Data    ABPOPUP_CONST
  461018      128 Initialized Data    ABPOPUP_DATA
  461140       C2 Initialized Data    ABQUERY_CONST
  461204       87 Initialized Data    ABQUERY_DATA
  46128C       30 Initialized Data    ABRESIZE_CONST
  4612BC      23F Initialized Data    ABRESIZE_DATA
  4614FC      1A0 Initialized Data    ABTOOLBA_DATA
  46169C       91 Initialized Data    ABUTIL_CONST
  461730      2F9 Initialized Data    ABUTIL_DATA
  461A2C        4 Initialized Data    ABWINDOW_CONST
  461A30       9B Initialized Data    ABWINDOW_DATA
  461ACC       48 Initialized Data    CWSYNCHC_DATA
  461B14       44 Initialized Data    IEXE32_DATA
  461B58     17D0 Initialized Data    ODDJOB_CONST
  463328      50D Initialized Data    ODDJOB_DATA
  463838       31 Initialized Data    RESIZEANDSPLIT_CONST
  46386C      305 Initialized Data    RESIZEANDSPLIT_DATA
  463B74     28D5 Initialized Data    STRINGTHEORY_CONST
  46644C      BE4 Initialized Data    STRINGTHEORY_DATA
  467030       A5 Initialized Data    WEBCOMPRESSOR001_CONST
  4670D8      C14 Initialized Data    WEBCOMPRESSOR001_DATA
  467CEC      105 Initialized Data    WEBCOMPRESSOR002_CONST
  467DF4      3D4 Initialized Data    WEBCOMPRESSOR002_DATA
  4681C8       50 Initialized Data    WEBCOMPRESSOR003_CONST
  468218      BA8 Initialized Data    WEBCOMPRESSOR003_DATA
  468DC0       19 Initialized Data    WEBCOMPRESSOR_BC0_CONST
  468DDC      3E0 Initialized Data    WEBCOMPRESSOR_BC0_DATA
  4691BC       3F Initialized Data    WEBCOMPRESSOR_CONST
  4691FC      104 Initialized Data    WEBCOMPRESSOR_DATA
  469300     1A3E Initialized Data    WINEVENT_CONST
  46AD40      644 Initialized Data    WINEVENT_DATA
  46B384        0 Initialized Data    __CPPINI_CONS
  46B384      284 Initialized Data    __CPPINI_CONST
  46B608        4 Initialized Data    __CPPINI_END
  46B60C        0 Initialized Data    __INIVMT_CONS
  46B60C      120 Initialized Data    __INIVMT_CONST
  46B72C        0 Initialized Data    __INIVMT_CONST_END
  46B730     1623 Un-initialized Data $FUZZYMATCHER_BSS
  46CD54     1EE1 Un-initialized Data $WE:DEVCB_BSS
  46EC38       40 Un-initialized Data ABEIP_BSS
  46EC78      404 Un-initialized Data ABERROR_BSS
  46F07C       10 Un-initialized Data ABFILE_BSS
  46F08C        4 Un-initialized Data ABFUZZY_BSS
  46F090      104 Un-initialized Data ABUTIL_BSS
  46F194       78 Un-initialized Data ODDJOB_BSS
  46F20C       28 Un-initialized Data STRINGTHEORY_BSS
  46F234      19C Un-initialized Data WEBCOMPRESSOR_BSS
  46F3D0      8C0 Un-initialized Data WINEVENT_BSS
  470000        8 __T_L_S__DAT
  470008      1A0 __T_L_S__DATA
  4701A8        0 __T_L_S__DATA_END
  4701B0        0 __T_L_S__BS
  4701B0     49EC __T_L_S__BSS
  474B9C        0 __T_L_S__BSS_END

  401C44 KILL_@_WINDOWCOMPONENT_@_BROWSECLASS@F15WINDOWCOMPONENT
  401C54 RESET_@_WINDOWCOMPONENT_@_BROWSECLASS@F15WINDOWCOMPONENTUc
  401C68 RESETREQUIRED_@_WINDOWCOMPONENT_@_BROWSECLASS@F15WINDOWCOMPONENT
  401C78 SETALERTS_@_WINDOWCOMPONENT_@_BROWSECLASS@F15WINDOWCOMPONENT
  401C8C TAKEEVENT_@_WINDOWCOMPONENT_@_BROWSECLASS@F15WINDOWCOMPONENT
  401CA0 UPDATE_@_WINDOWCOMPONENT_@_BROWSECLASS@F15WINDOWCOMPONENT
  401CB4 UPDATEWINDOW_@_WINDOWCOMPONENT_@_BROWSECLASS@F15WINDOWCOMPONENT
  401CC8 DOSHOWWAITCURSOR@F11BROWSECLASSUc
  401CF8 SHOWWAITCURSOR@F11BROWSECLASSUc
  401D0C SETUSEWAITCURSOR@F11BROWSECLASSUc
  401D14 UPDATEWINDOW@F11BROWSECLASS
  401EF4 UPDATEVIEWRECORD@F11BROWSECLASS
  401FD8 UPDATETOOLBARBUTTONS@F11BROWSECLASS
  402060 UPDATETHUMBFIXED@F11BROWSECLASS
  402210 UPDATETHUMB@F11BROWSECLASS
  4024B4 UPDATERESETS@F11BROWSECLASS
  4024C8 UPDATEBUFFER@F11BROWSECLASS
  402500 TAKEVCRSCROLL@F11BROWSECLASSl
  4025E8 TAKESCROLL@F11BROWSECLASSl
  40266C TAKENEWSELECTION@F11BROWSECLASS
  402700 TAKELOCATE@F11BROWSECLASS
  402778 TAKEKEY@F11BROWSECLASS
  402A1C TAKEEVENT@F11BROWSECLASS
  40312C TAKECHOICECHANGED@F11BROWSECLASS
  403194 TAKEACCEPTEDLOCATOR@F11BROWSECLASS
  403288 GETUSEMRP@F11BROWSECLASS
  40328C SETUSEMRP@F11BROWSECLASSUc
  403290 SETUSEPOPUP@F11BROWSECLASSUc
  403294 SETSORT@F11BROWSECLASSUcUc
  4033D0 SETQUEUERECORD@F11BROWSECLASS
  4033F0 SETALERTS@F11BROWSECLASS
  403904 SCROLLPAGE@F11BROWSECLASSl
  4039E8 SCROLLONE@F11BROWSECLASSl
  403A48 SCROLLEND@F11BROWSECLASSl
  403AC0 SAVESORT@F11BROWSECLASS
  403BB4 RESETTHUMBLIMITS@F11BROWSECLASS
  403CF0 RESETSORT@F11BROWSECLASSUc
  403D14 RESETRESETS@F11BROWSECLASS
  403D28 RESETQUEUE@F11BROWSECLASSUc
  4042D0 RESETFROMVIEW@F11BROWSECLASS
  404308 RESETFROMFILE@F11BROWSECLASS
  40432C RESETFROMBUFFER@F11BROWSECLASS
  40439C RESETFROMASK@F11BROWSECLASSRUcRUc
  404594 REPLACESORT@F11BROWSECLASSsb12LOCATORCLASS9STEPCLASS
  40466C RECORDS@F11BROWSECLASS
  4046D4 PREVIOUS@F11BROWSECLASS
  404720 POSTNEWSELECTION@F11BROWSECLASS
  404778 NOTIFYUPDATEERROR@F11BROWSECLASS
  404798 NEXT@F11BROWSECLASS
  4047E4 KILL@F11BROWSECLASS
  404A28 INITSORT@F11BROWSECLASSUc
  404A7C INIT@F11BROWSECLASS12ILISTCONTROLBi11BROWSEQUEUE15RELATIONMANAGER13WINDOWMANAGER
  404B88 INIT@F11BROWSECLASSlRsbBiBq15RELATIONMANAGER13WINDOWMANAGER
  404BEC FETCH@F11BROWSECLASSUc
  404E78 CHECKEIP@F11BROWSECLASS
  404F3C ASKRECORD@F11BROWSECLASSUc
  404F50 ASK@F11BROWSECLASSUc
  405020 APPLYRANGE@F11BROWSECLASS
  40508C ADDTOOLBARTARGET@F11BROWSECLASS12TOOLBARCLASS
  4050E0 ADDSORTORDER@F11BROWSECLASS9STEPCLASSBk
  40515C ADDFIELD@F11BROWSECLASSRsbRsb
  4051B8 RECORDS_@_BROWSEQUEUE_@_STANDARDBEHAVIOR@F11BROWSEQUEUE
  4051C4 INSERT_@_BROWSEQUEUE_@_STANDARDBEHAVIOR@F11BROWSEQUEUE
  4051D0 INSERT_@_BROWSEQUEUE_@_STANDARDBEHAVIOR@F11BROWSEQUEUEl
  4051DC FETCH_@_BROWSEQUEUE_@_STANDARDBEHAVIOR@F11BROWSEQUEUEl
  4051E8 UPDATE_@_BROWSEQUEUE_@_STANDARDBEHAVIOR@F11BROWSEQUEUE
  4051F4 DELETE_@_BROWSEQUEUE_@_STANDARDBEHAVIOR@F11BROWSEQUEUE
  405200 FREE_@_BROWSEQUEUE_@_STANDARDBEHAVIOR@F11BROWSEQUEUE
  40520C WHO_@_BROWSEQUEUE_@_STANDARDBEHAVIOR@F11BROWSEQUEUEl
  40521C GETVIEWPOSITION_@_BROWSEQUEUE_@_STANDARDBEHAVIOR@F11BROWSEQUEUE
  405234 SETVIEWPOSITION_@_BROWSEQUEUE_@_STANDARDBEHAVIOR@F11BROWSEQUEUEsb
  40526C CHOICE_@_ILISTCONTROL_@_STANDARDBEHAVIOR@F12ILISTCONTROL
  405278 GETCONTROL_@_ILISTCONTROL_@_STANDARDBEHAVIOR@F12ILISTCONTROL
  40527C GETITEMS_@_ILISTCONTROL_@_STANDARDBEHAVIOR@F12ILISTCONTROL
  4052B0 GETVISIBLE_@_ILISTCONTROL_@_STANDARDBEHAVIOR@F12ILISTCONTROL
  4052E4 SETCHOICE_@_ILISTCONTROL_@_STANDARDBEHAVIOR@F12ILISTCONTROLl
  405338 SETCONTROL_@_ILISTCONTROL_@_STANDARDBEHAVIOR@F12ILISTCONTROLl
  40533C GETSELECTEDITEM_@_ILISTCONTROL_@_STANDARDBEHAVIOR@F12ILISTCONTROL
  405398 INIT@F16STANDARDBEHAVIORBqRsbl
  4053B0 TAKENEWSELECTION@F16BROWSEEIPMANAGER
  405448 TAKECOMPLETED@F16BROWSEEIPMANAGERUc
  405630 KILL@F16BROWSEEIPMANAGER
  405664 INIT@F16BROWSEEIPMANAGER
  405A28 CLEARCOLUMN@F16BROWSEEIPMANAGER
  405A70 TAKENEWSELECTION@F10EIPMANAGER
  405AE8 TAKEFOCUSLOSS@F10EIPMANAGER
  405B3C TAKEFIELDEVENT@F10EIPMANAGER
  405C8C TAKEEVENT@F10EIPMANAGER
  405D1C TAKECOMPLETED@F10EIPMANAGERUc
  405D68 TAKEACTION@F10EIPMANAGERl
  406070 TAKEACCEPTALL@F10EIPMANAGER
  4061BC RUN@F10EIPMANAGERUc
  406254 RESETCOLUMN@F10EIPMANAGER
  40631C GETEDIT@F10EIPMANAGER
  406378 NEXT@F10EIPMANAGER
  406454 KILL@F10EIPMANAGER
  4065DC INITCONTROLS@F10EIPMANAGER
  4067E8 INIT@F10EIPMANAGER
  406858 CLEARCOLUMN@F10EIPMANAGER
  4068A0 ADDCONTROL@F10EIPMANAGER9EDITCLASSlUc
  4068FC CREATECONTROL@F14EDITENTRYCLASS
  406920 RESETCONTROL@F9EDITCLASS
  406924 GETFEQ@F9EDITCLASS
  406928 TAKEEVENT@F9EDITCLASSl
  406970 TAKEACCEPTED@F9EDITCLASSUc
  406988 SETREADONLY@F9EDITCLASSUc
  4069E4 SETALERTS@F9EDITCLASS
  406AE4 KILL@F9EDITCLASS
  406B14 INIT@F9EDITCLASSllRu
  406CC0 KILL_@_WINDOWCOMPONENT_@_HISTHANDLERCLASS@F15WINDOWCOMPONENT
  406CC4 RESET_@_WINDOWCOMPONENT_@_HISTHANDLERCLASS@F15WINDOWCOMPONENTUc
  406CC8 RESETREQUIRED_@_WINDOWCOMPONENT_@_HISTHANDLERCLASS@F15WINDOWCOMPONENT
  406CCC SETALERTS_@_WINDOWCOMPONENT_@_HISTHANDLERCLASS@F15WINDOWCOMPONENT
  406CD0 TAKEEVENT_@_WINDOWCOMPONENT_@_HISTHANDLERCLASS@F15WINDOWCOMPONENT
  406CD8 UPDATE_@_WINDOWCOMPONENT_@_HISTHANDLERCLASS@F15WINDOWCOMPONENT
  406CDC UPDATEWINDOW_@_WINDOWCOMPONENT_@_HISTHANDLERCLASS@F15WINDOWCOMPONENT
  406CF0 VLBPROC@F16HISTHANDLERCLASSls
  406D9C TAKEEVENT@F16HISTHANDLERCLASS
  406E64 INIT@F16HISTHANDLERCLASSBw10ERRORCLASS16ERRORHISTORYLIST
  406E70 _VLBPROC@F16HISTHANDLERCLASSls
  406E80 TAKEACCEPTED@F11MSGBOXCLASS
  406EBC SETUPADDITIONALFEQS@F11MSGBOXCLASS
  406F44 KILL@F11MSGBOXCLASS
  406F84 INIT@F11MSGBOXCLASS
  407234 INIT@F11MSGBOXCLASSBw10ERRORCLASSOsbllll
  4072CC FETCHSTDBUTTON@F11MSGBOXCLASSs
  407300 GETALLSTATUSVARIABLES@F10ERRORCLASS16ERRORSTATUSGROUP
  407330 GETERRORBUFFERFATALITY@F10ERRORCLASS
  407360 GETERRORBUFFERTITLE@F10ERRORCLASS
  407398 GETERRORBUFFERID@F10ERRORCLASS
  4073BC SETMESSAGETEXT@F10ERRORCLASSsb
  40740C SETKEYNAME@F10ERRORCLASSsb
  40745C SETFIELDNAME@F10ERRORCLASSsb
  4074AC SETFILENAME@F10ERRORCLASSsb
  4074FC STOREERRORENTRY@F10ERRORCLASSUs
  40762C GETHISTORYRESETONVIEW@F10ERRORCLASS
  407678 SETHISTORYRESETONVIEW@F10ERRORCLASSUc
  4076C0 GETHISTORYVIEWLEVEL@F10ERRORCLASS
  40770C SETHISTORYVIEWLEVEL@F10ERRORCLASSl
  407754 GETHISTORYTHRESHOLD@F10ERRORCLASS
  4077A0 SETHISTORYTHRESHOLD@F10ERRORCLASSl
  4077E8 GETLOGERRORS@F10ERRORCLASS
  407834 GETSILENT@F10ERRORCLASS
  407880 SETDEFAULTCATEGORY@F10ERRORCLASSsa
  4078C8 GETDEFAULTCATEGORY@F10ERRORCLASS
  407914 VIEWHISTORY@F10ERRORCLASS
  407940 THROWMESSAGE@F10ERRORCLASSssb
  407990 THROW@F10ERRORCLASSs
  4079A4 TAKEUSER@F10ERRORCLASS
  407A10 TAKEPROGRAM@F10ERRORCLASS
  407A18 TAKEOTHER@F10ERRORCLASS
  407A20 TAKENOTIFY@F10ERRORCLASS
  407A78 TAKEFATAL@F10ERRORCLASS
  407B08 TAKEERROR@F10ERRORCLASSs
  407D0C TAKEBENIGN@F10ERRORCLASS
  407D10 SUBSSTRING@F10ERRORCLASS
  4080EC SETPROCEDURENAME@F10ERRORCLASSOsb
  40819C GETERRORENTRY@F10ERRORCLASSUs15ERRORENTRYGROUPl
  408240 GETERRORENTRY@F10ERRORCLASSUs15ERRORENTRYGROUP
  408274 SETID@F10ERRORCLASSUsl
  4082AC SETID@F10ERRORCLASSUs
  4082C8 SETKEY@F10ERRORCLASSsb
  408304 SETFILE@F10ERRORCLASSsb
  408340 SETFIELD@F10ERRORCLASSsb
  40837C SETERRORS@F10ERRORCLASS
  40841C SETERRORLOG@F10ERRORCLASS17ERRORLOGINTERFACE
  4084BC SETCATEGORY@F10ERRORCLASSssa
  408508 RESETHISTORY@F10ERRORCLASS
  408530 REMOVEERROR@F10ERRORCLASSUs
  408570 MESSAGEBOX@F10ERRORCLASSUcsbOsbOsblll
  408608 MSG@F10ERRORCLASSsbOsbOsblll
  4089A0 MESSAGE@F10ERRORCLASSsll
  408A14 KILL@F10ERRORCLASS
  408AB8 INIT@F10ERRORCLASS16ERRORSTATUSCLASS
  408B14 INIT@F10ERRORCLASS
  408BE8 HISTORYMSG@F10ERRORCLASSsblll
  408DA8 GETPROCEDURENAME@F10ERRORCLASS
  408E7C GETCATEGORY@F10ERRORCLASSs
  408F04 ADDHISTORY@F10ERRORCLASS
  408F34 ADDERRORS@F10ERRORCLASS10ERRORBLOCK
  4090E0 ADDERROR@F10ERRORCLASSUsRsbRsbUcsa
  40918C DESTRUCT@F10ERRORCLASS
  4091A8 CONSTRUCT@F10ERRORCLASS
  4091C0 DESTRUCT@F16ERRORSTATUSCLASS
  4091F4 CONSTRUCT@F16ERRORSTATUSCLASS
  40932C CLOSE_@_ERRORLOGINTERFACE_@_STANDARDERRORLOGCLASS@F17ERRORLOGINTERFACEUc
  409334 OPEN_@_ERRORLOGINTERFACE_@_STANDARDERRORLOGCLASS@F17ERRORLOGINTERFACEUc
  40933C TAKE_@_ERRORLOGINTERFACE_@_STANDARDERRORLOGCLASS@F17ERRORLOGINTERFACEsb
  4093E0 CLOSE@F21STANDARDERRORLOGCLASSUc
  40945C OPEN@F21STANDARDERRORLOGCLASSUc
  409504 DESTRUCT@F21STANDARDERRORLOGCLASS
  409510 CONSTRUCT@F21STANDARDERRORLOGCLASS
  409750 REMOVERELATIONFILEMAPPING@F12FILESMANAGER15RELATIONMANAGER
  409770 REMOVERELATIONFILEMAPPING@F12FILESMANAGERl
  40978C REMOVEFILEMAPPING@F12FILESMANAGER11FILEMANAGER
  4097A8 REMOVEFILEMAPPING@F12FILESMANAGERl
  4097C4 NOTEUSAGE@F12FILESMANAGER11FILEMANAGERUc
  40989C NOTEOPEN@F12FILESMANAGER11FILEMANAGER
  4098E0 NOTECLOSE@F12FILESMANAGER11FILEMANAGER
  409970 GETRELATIONFILEMAPPING@F12FILESMANAGERl
  4099A8 GETFILEMAPPING@F12FILESMANAGERl
  4099E0 GETFILEID@F12FILESMANAGERBf
  4099F8 FINDRECORD@F12FILESMANAGER11FILEMANAGER
  409AA4 ADDFILEMAPPING@F12FILESMANAGER15RELATIONMANAGER
  409B00 ADDFILEMAPPING@F12FILESMANAGER11FILEMANAGER
  409B5C DESTRUCT@F12FILESMANAGER
  409B9C CONSTRUCT@F12FILESMANAGER
  40A2F4 OPENFILE_@_IFILEOPENSERVER_@_UNTHREADEDFILEOPENSERVER@F15IFILEOPENSERVERl
  40A384 CLOSEFILE_@_IFILEOPENSERVER_@_UNTHREADEDFILEOPENSERVER@F15IFILEOPENSERVER
  40A404 LINK_@_IFILEOPENSERVER_@_UNTHREADEDFILEOPENSERVER@F15IFILEOPENSERVER
  40A454 RELEASE_@_IFILEOPENSERVER_@_UNTHREADEDFILEOPENSERVER@F15IFILEOPENSERVER
  40A4E8 INIT@F24UNTHREADEDFILEOPENSERVERBf
  40A4FC DESTRUCT@F24UNTHREADEDFILEOPENSERVER
  40A520 CONSTRUCT@F24UNTHREADEDFILEOPENSERVER
  40A550 OPENFILE_@_IFILEOPENSERVER_@_THREADEDFILEOPENSERVER@F15IFILEOPENSERVERl
  40A57C CLOSEFILE_@_IFILEOPENSERVER_@_THREADEDFILEOPENSERVER@F15IFILEOPENSERVER
  40A58C LINK_@_IFILEOPENSERVER_@_THREADEDFILEOPENSERVER@F15IFILEOPENSERVER
  40A598 RELEASE_@_IFILEOPENSERVER_@_THREADEDFILEOPENSERVER@F15IFILEOPENSERVER
  40A5A4 RELEASE@F14FILEOPENSERVER
  40A5D0 LINK@F14FILEOPENSERVER
  40A5D4 INIT@F14FILEOPENSERVERBf
  40A5D8 DESTRUCT@F14FILEOPENSERVER
  40A5E0 CONSTRUCT@F14FILEOPENSERVER
  40A5EC VALIDATERECORD@F11VIEWMANAGER
  40A5F0 UNUSEVIEW@F11VIEWMANAGER
  40A688 USEVIEW@F11VIEWMANAGER
  40A74C SETSORT@F11VIEWMANAGERUc
  40A778 SETORDER@F11VIEWMANAGERsb
  40A808 SETFILTER@F11VIEWMANAGERsbsb
  40A944 SETFILTER@F11VIEWMANAGERsb
  40A98C SAVEBUFFERS@F11VIEWMANAGER
  40AA3C RESTOREBUFFERS@F11VIEWMANAGER
  40AAA4 RESET@F11VIEWMANAGER
  40AAB0 RESET@F11VIEWMANAGERUc
  40AAF8 PRIMERECORD@F11VIEWMANAGERUc
  40AC3C PREVIOUS@F11VIEWMANAGER
  40ACA0 OPEN@F11VIEWMANAGER
  40AD1C NEXT@F11VIEWMANAGER
  40AD80 KILL@F11VIEWMANAGER
  40AED8 INIT@F11VIEWMANAGERBi15RELATIONMANAGER9SORTORDER
  40AF38 GETFREEELEMENTPOSITION@F11VIEWMANAGER
  40AF90 GETFREEELEMENTNAME@F11VIEWMANAGER
  40AFE4 GETFREEELEMENTASCENDING@F11VIEWMANAGER
  40B03C CLEARFILESRECORD@F11VIEWMANAGER
  40B0F4 CLOSE@F11VIEWMANAGERUc
  40B110 CLOSE@F11VIEWMANAGER
  40B11C APPLYRANGE@F11VIEWMANAGER
  40B2E8 APPLYORDER@F11VIEWMANAGER
  40B340 APPLYFILTER@F11VIEWMANAGER
  40B8A4 APPENDORDER@F11VIEWMANAGERsb
  40B984 ADDSORTORDER@F11VIEWMANAGERBk
  40BA50 DESTRUCT@F11VIEWMANAGER
  40BA64 DEFEREDADDRELATIONS@F15RELATIONMANAGER
  40BA68 UPDATESECONDARY@F15RELATIONMANAGERBk18BUFFEREDPAIRSCLASSUc
  40BBF8 UPDATE@F15RELATIONMANAGERUc
  40BE0C INSERT@F15RELATIONMANAGER
  40BF64 SETQUICKSCAN@F15RELATIONMANAGERUcUc
  40C070 SAVE@F15RELATIONMANAGER
  40C0B8 FORCEOPEN@F15RELATIONMANAGERUc
  40C0C8 OPEN@F15RELATIONMANAGERUc
  40C0F0 OPENCLOSESERVER@F15RELATIONMANAGERUcUc
  40C274 LOGOUTINSERT@F15RELATIONMANAGER
  40C308 LOGOUTUPDATE@F15RELATIONMANAGER
  40C374 LOGOUTPRIME@F15RELATIONMANAGER
  40C454 LOGOUTDELETE@F15RELATIONMANAGER
  40C4D0 KILL@F15RELATIONMANAGER
  40C554 INIT@F15RELATIONMANAGER11FILEMANAGERUc
  40C58C DELETESECONDARY@F15RELATIONMANAGERBk18BUFFEREDPAIRSCLASSUcUc
  40C824 DELETE@F15RELATIONMANAGERUc
  40CA70 CLOSE@F15RELATIONMANAGERUc
  40CA7C CASCADEUPDATES@F15RELATIONMANAGER
  40CB58 CANCELAUTOINC@F15RELATIONMANAGER
  40CB6C DEFEREDRELATIONS@F15RELATIONMANAGER
  40CB94 CONSTRUCT@F15RELATIONMANAGER
  40CB9C FUNCTIONCALLED_@_FILECALLBACKINTERFACE_@_FILEMANAGER@F21FILECALLBACKINTERFACEl6PARAMSRscRsc
  40CC48 FUNCTIONDONE_@_FILECALLBACKINTERFACE_@_FILEMANAGER@F21FILECALLBACKINTERFACEl6PARAMSRscRsc
  40CD94 POSTCREATE@F11FILEMANAGERRscRsc
  40CD9C PRECREATE@F11FILEMANAGERRscRsc
  40CDA4 POSTFETCH@F11FILEMANAGERlBksbllRscRsc
  40CDC8 PREFETCH@F11FILEMANAGERlBksbllRscRsc
  40CDEC POSTUPDATE@F11FILEMANAGERRscRsc
  40CDF4 PREUPDATE@F11FILEMANAGERllRscRsc
  40CDFC POSTINSERT@F11FILEMANAGERRscRsc
  40CE04 PREINSERT@F11FILEMANAGERllRscRsc
  40CE0C POSTDELETE@F11FILEMANAGERRscRsc
  40CE14 PREDELETE@F11FILEMANAGERRscRsc
  40CE1C FUNCTIONDONE@F11FILEMANAGERl6PARAMSRscRsc
  40CF50 FUNCTIONCALLED@F11FILEMANAGERl6PARAMSRscRsc
  40D0B4 GETHASAUTOINC@F11FILEMANAGER
  40D0BC GETAUTOINCDONE@F11FILEMANAGER
  40D0C4 GETMRPSIZE@F11FILEMANAGER
  40D0CC SETMRPSIZE@F11FILEMANAGERUc
  40D0D4 GETUSEMRP@F11FILEMANAGER
  40D0DC SETUSEMRP@F11FILEMANAGERUc
  40D0E4 DELETED@F11FILEMANAGER
  40D0E8 DELETERECORD@F11FILEMANAGERUc
  40D13C VALIDATERECORD@F11FILEMANAGERPl
  40D1F4 VALIDATEFIELDS@F11FILEMANAGERllPl
  40D2B0 VALIDATEFIELDSERVER@F11FILEMANAGERlUc
  40D31C TRYVALIDATEFIELD@F11FILEMANAGERl
  40D32C VALIDATEFIELD@F11FILEMANAGERl
  40D33C USEFILE@F11FILEMANAGERUc
  40D430 UPDATESERVER@F11FILEMANAGERUc
  40D528 UPDATE@F11FILEMANAGER
  40D534 TRYUPDATE@F11FILEMANAGER
  40D540 TRYREGET@F11FILEMANAGERsb
  40D5E8 TRYPRIMEAUTOINC@F11FILEMANAGER
  40D5F4 TRYPREVIOUS@F11FILEMANAGER
  40D604 TRYOPEN@F11FILEMANAGER
  40D614 TRYNEXT@F11FILEMANAGER
  40D624 TRYINSERT@F11FILEMANAGER
  40D630 TRYFETCH@F11FILEMANAGERBk
  40D678 THROWMESSAGE@F11FILEMANAGERUssb
  40D6CC THROW@F11FILEMANAGER
  40D6F0 THROW@F11FILEMANAGERUs
  40D708 SETKEY@F11FILEMANAGERBk
  40D760 SETERRORS@F11FILEMANAGER10ERRORCLASS
  40D764 SETERROR@F11FILEMANAGERUs
  40D77C SAVEFILE@F11FILEMANAGER
  40D898 SAVEBUFFER@F11FILEMANAGER
  40D9F0 RESTOREFILE@F11FILEMANAGERRUs11FILEMANAGERUc
  40DB20 RESTOREFILE@F11FILEMANAGERRUsUc
  40DB30 RESTOREBUFFER@F11FILEMANAGERRUs11FILEMANAGERUc
  40DCA0 RESTOREBUFFER@F11FILEMANAGERRUsUc
  40DCB0 PRIMERECORD@F11FILEMANAGERUc
  40DDBC PRIMEFIELDS@F11FILEMANAGER
  40DDC0 PRIMEAUTOINCSERVER@F11FILEMANAGERUc
  40E370 PRIMEAUTOINC@F11FILEMANAGER
  40E37C PREVIOUS@F11FILEMANAGER
  40E38C POSITION@F11FILEMANAGER
  40E40C OPENSERVER@F11FILEMANAGERUcUc
  40E46C OPENFILE@F11FILEMANAGERUc
  40E68C OPEN@F11FILEMANAGER
  40E69C NEXTSERVER@F11FILEMANAGERUcUc
  40E7B8 NEXT@F11FILEMANAGER
  40E7C8 KILL@F11FILEMANAGER
  40E80C KEYTOORDER@F11FILEMANAGERBkUc
  40E958 ISOPENED@F11FILEMANAGER
  40E978 INSERTSERVER@F11FILEMANAGERUc
  40EB90 INSERT@F11FILEMANAGER
  40EB9C INIT@F11FILEMANAGERBf10ERRORCLASS
  40EC7C INIT@F11FILEMANAGER
  40ECB8 GETOPENED@F11FILEMANAGER
  40ECC0 GETNAME@F11FILEMANAGER
  40ED48 GETFIELDNAME@F11FILEMANAGERBkUc
  40ED98 GETFIELDASCENDING@F11FILEMANAGERBkUc
  40EDCC GETFIELD@F11FILEMANAGERBkUc
  40EE08 GETEOF@F11FILEMANAGER
  40EE10 GETCOMPONENTS@F11FILEMANAGERBk
  40EE2C FETCH@F11FILEMANAGERBk
  40EE64 EQUALBUFFER@F11FILEMANAGERRUs
  40EFA0 CLOSE@F11FILEMANAGER
  40F034 CLEARKEY@F11FILEMANAGERBkUcUcUc
  40F0E4 CANCELAUTOINC@F11FILEMANAGER15RELATIONMANAGER
  40F154 BINDFIELDS@F11FILEMANAGER
  40F178 ADDKEY@F11FILEMANAGERBksbUc
  40F470 DESTRUCT@F11FILEMANAGER
  40F4A4 SETOPTION@F10FUZZYCLASSUcUc
  40F508 KILL@F10FUZZYCLASS
  40F50C INIT@F10FUZZYCLASS
  40F520 CONSTRUCT@F10FUZZYCLASS
  40F894 TOOLBOX@F10POPUPCLASSsb
  40F920 SETTOOLBOX@F10POPUPCLASSsbUc
  40F98C SETICON@F10POPUPCLASSsbsb
  40FA04 SETITEMENABLE@F10POPUPCLASSsbUc
  40FAB0 SETITEM@F10POPUPCLASSllsbsb
  40FCCC RESETTOOLBOX@F10POPUPCLASS
  4100D4 LOCATENAME@F10POPUPCLASSsb
  410158 KILL@F10POPUPCLASS
  410174 INIT@F10POPUPCLASS
  4101A8 GETNAME@F10POPUPCLASSl
  4102D0 GETMENUTEXT@F10POPUPCLASS
  4105B8 GETLASTSELECTION@F10POPUPCLASS
  4105C8 GETITEMS@F10POPUPCLASSUc
  410674 EXECUTEPOPUP@F10POPUPCLASSsbllUc
  41074C EMPTYITEMS@F10POPUPCLASS
  410758 DELETEITEM@F10POPUPCLASSsb
  4107A0 CHECKMIMICS@F10POPUPCLASS
  410960 ASKTOOLBOX@F10POPUPCLASSsb
  410E04 ASK@F10POPUPCLASSllUc
  410F60 ASK@F10POPUPCLASSll
  410F70 ADDSUBMENU@F10POPUPCLASSsbsbsb
  411030 ADDSUBMENU@F10POPUPCLASSsbsb
  411098 ADDMENU@F10POPUPCLASSsbUc
  4111F4 ADDITEMMIMIC@F10POPUPCLASSsblOsb
  4112D4 ADDITEMEVENT@F10POPUPCLASSsbll
  4113B8 ADDITEM@F10POPUPCLASSsbsbsbUc
  41144C ADDITEM@F10POPUPCLASSsbsb
  4114BC ADDITEM@F10POPUPCLASSsb
  411F18 CLEARQUERY@F10QUERYCLASS
  411FC0 GETQUERIES@F10QUERYCLASS11SECTORQUEUE
  412054 RESTORE@F10QUERYCLASSsb
  4127E8 TAKE@F10QUERYCLASS10POPUPCLASS
  412888 SAVE@F10QUERYCLASSsb
  4129E4 SETQUICKPOPUP@F10QUERYCLASS10POPUPCLASSUs
  412F9C QUOTE@F10QUERYCLASSsb
  413080 GETLIMIT@F10QUERYCLASSRscRscRUcUcRsc
  413644 GETFILTER@F10QUERYCLASS
  413B50 MAKEOPERATOR@FsbsbRscRsc
  413F1C MAKEOPERATOR@Fsbsb
  414120 SETPRIORITIES@F17WINDOWRESIZECLASS13POSITIONGROUP
  41416C SETSIZE@F17WINDOWRESIZECLASSl13POSITIONGROUP
  414220 GETSIZEINFO@F17WINDOWRESIZECLASSl13POSITIONGROUP
  414334 RESTORECONTROLS@F17WINDOWRESIZECLASS
  414388 TAKERESIZE@F17WINDOWRESIZECLASS
  414390 SETPOSITION@F17WINDOWRESIZECLASSl13POSITIONGROUP13POSITIONGROUP13POSITIONGROUP13POSITIONGROUP
  414A74 SETPARENTDEFAULT@F17WINDOWRESIZECLASS
  414D60 SETPARENTDEFAULTS@F17WINDOWRESIZECLASS
  414D9C SETPARENTCONTROL@F17WINDOWRESIZECLASSll
  414E10 RESTOREWINDOW@F17WINDOWRESIZECLASS
  414EBC WINDOWRESIZEEND@F17WINDOWRESIZECLASS
  414EC0 WINDOWRESIZEBEGIN@F17WINDOWRESIZECLASS
  414EC4 RESIZECHILDREN@F17WINDOWRESIZECLASSl13POSITIONGROUP13POSITIONGROUP
  41508C RESIZE@F17WINDOWRESIZECLASSl
  4153C4 RESIZE@F17WINDOWRESIZECLASS
  4153D4 RESET@F17WINDOWRESIZECLASS
  4156C4 KILL@F17WINDOWRESIZECLASS
  415750 INIT@F17WINDOWRESIZECLASSUcUcUc
  415960 GETCURRENTPOS@F17WINDOWRESIZECLASSl13POSITIONGROUP
  41599C GETORIGPOS@F17WINDOWRESIZECLASSl13POSITIONGROUP
  4159EC GETRESIZESTRATEGY@F17WINDOWRESIZECLASSsOUc
  415B6C GETPOSITIONSTRATEGY@F17WINDOWRESIZECLASSsOUc
  415CE4 GETPARENTCONTROL@F17WINDOWRESIZECLASSl
  415D08 TAKEEVENT@F12TOOLBARCLASSPl13WINDOWMANAGER
  415D34 SETTARGET@F12TOOLBARCLASSl
  415DDC KILL@F12TOOLBARCLASS
  415DF4 INIT@F12TOOLBARCLASS
  415E14 DISPLAYBUTTONS@F12TOOLBARCLASS
  415E3C ADDTARGET@F12TOOLBARCLASS13TOOLBARTARGETl
  415E70 TRYTAKETOOLBAR@F19TOOLBARLISTBOXCLASS
  415EC4 TAKEEVENT@F19TOOLBARLISTBOXCLASSPl13WINDOWMANAGER
  41600C TAKETOOLBAR@F19TOOLBARLISTBOXCLASS
  416030 DISPLAYBUTTONS@F19TOOLBARLISTBOXCLASS
  41605C TAKEEVENT@F13TOOLBARTARGETPl13WINDOWMANAGER
  4160DC DISPLAYBUTTONS@F13TOOLBARTARGET
  4162C0 SETTIPS@Fsb
  4163E8 SETMASK@F15SELECTFILECLASSsbsb
  416464 SETMASK@F15SELECTFILECLASSsb
  4164B4 ASK@F15SELECTFILECLASSUc
  416614 ADDMASK@F15SELECTFILECLASSsb
  4166D0 INIT@F15SELECTFILECLASS
  4166F8 UPDATEQUEUE@F8INICLASSsbsbBqRuPuPuPu
  41691C UPDATE@F8INICLASSsbsbsb
  4169D8 UPDATE@F8INICLASSsbBw
  416BB8 UPDATE@F8INICLASS
  416BBC TRYFETCH@F8INICLASSsbsb
  416C34 REMOVE@F8INICLASSsbsb
  416D94 KILL@F8INICLASS
  416ECC INIT@F8INICLASSsbll
  416FE4 GETSECTORS@F8INICLASSOsbOsbOsb11SECTORQUEUE
  4171F4 GETSECTOR@F8INICLASSsbsbsb
  4172E4 GETFAMILY@F8INICLASSsbRscRscRsc
  417468 FETCHQUEUE@F8INICLASSsbsbBqRuPuPuPu
  4176DC FETCHFIELD@F8INICLASSsbsbUc
  41781C FETCH@F8INICLASSsbsbRu
  4178E0 FETCH@F8INICLASSsbBw
  417B40 FETCH@F8INICLASSsbsb
  417C18 FETCH@F8INICLASS
  417C1C ADDSECTOR@F8INICLASSsb
  417CFC UPDATEWINDOWINFO@F8INICLASSsb10WINDOWINFO
  417F68 FETCHWINDOWINFO@F8INICLASSsb10WINDOWINFO
  4181E0 UPDATE@F8INICLASSsbsbsbsb
  4183CC FETCH@F8INICLASSsbsbsbsb
  4185F0 DESTRUCT@F8INICLASS
  41860C CONSTRUCT@F8INICLASS
  418620 KILL@F18BUFFEREDPAIRSCLASS
  41869C INIT@F18BUFFEREDPAIRSCLASS
  4186BC EQUALRIGHTBUFFER@F18BUFFEREDPAIRSCLASSUc
  41874C EQUALLEFTBUFFER@F18BUFFEREDPAIRSCLASSUc
  4187D8 EQUALRIGHTBUFFER@F18BUFFEREDPAIRSCLASS
  4187E4 EQUALLEFTBUFFER@F18BUFFEREDPAIRSCLASS
  4187F0 ASSIGNRIGHTTOBUFFER@F18BUFFEREDPAIRSCLASS
  418838 ASSIGNLEFTTOBUFFER@F18BUFFEREDPAIRSCLASS
  41887C ASSIGNBUFFERTORIGHT@F18BUFFEREDPAIRSCLASS
  4188C4 ASSIGNBUFFERTOLEFT@F18BUFFEREDPAIRSCLASS
  418908 ADDPAIR@F18BUFFEREDPAIRSCLASSRuRu
  4189A8 INIT@F15FIELDPAIRSCLASS
  4189C4 KILL@F15FIELDPAIRSCLASS
  418A28 EQUALLEFTRIGHT@F15FIELDPAIRSCLASS
  418A78 EQUAL@F15FIELDPAIRSCLASS
  418A80 CLEARRIGHT@F15FIELDPAIRSCLASS
  418ABC CLEARLEFT@F15FIELDPAIRSCLASS
  418AF4 ASSIGNRIGHTTOLEFT@F15FIELDPAIRSCLASS
  418B38 ASSIGNLEFTTORIGHT@F15FIELDPAIRSCLASS
  418B7C ADDPAIR@F15FIELDPAIRSCLASSRuRu
  418BC0 NEXT@F13CONSTANTCLASS
  418D7C SET@F13CONSTANTCLASSRsb
  418DD0 RESET@F13CONSTANTCLASS
  418E20 KILL@F13CONSTANTCLASS
  418E80 INIT@F13CONSTANTCLASSUc
  418EC4 GETCSTRING@F13CONSTANTCLASS
  418F44 GETPSTRING@F13CONSTANTCLASS
  418FD0 GETLONG@F13CONSTANTCLASS
  418FF4 GETUSHORT@F13CONSTANTCLASS
  41901C GETSHORT@F13CONSTANTCLASS
  419024 GETBYTE@F13CONSTANTCLASS
  419038 ADDITEM@F13CONSTANTCLASSUcRu
  419074 CONSTRUCT@F13CONSTANTCLASS
  41908C REMOVEDOLLAR@Fsb
  419160 ADDDOLLAR@Fsb
  4192E4 ONCLOSEEVENTCANCELLED@F13WINDOWMANAGER
  4192FC SAVEONINSERTACTION@F13WINDOWMANAGER
  4193A0 SAVEONCHANGEACTION@F13WINDOWMANAGER
  4194AC DELETEACTION@F13WINDOWMANAGER
  419654 CHANGEACTION@F13WINDOWMANAGER
  4199B8 INSERTACTION@F13WINDOWMANAGER
  419BA8 TAKEDISABLEBUTTON@F13WINDOWMANAGERlUc
  419BD0 UPDATE@F13WINDOWMANAGER
  419C0C TAKEWINDOWEVENT@F13WINDOWMANAGER
  419E34 TAKESELECTED@F13WINDOWMANAGER
  419E38 TAKEREJECTED@F13WINDOWMANAGER
  419E74 TAKENOTIFY@F13WINDOWMANAGERlll
  419E78 TAKENEWSELECTION@F13WINDOWMANAGER
  419EF8 TAKEFIELDEVENT@F13WINDOWMANAGER
  419EFC TAKEEVENT@F13WINDOWMANAGER
  41A0B0 TAKECLOSEEVENT@F13WINDOWMANAGER
  41A230 TAKECOMPLETED@F13WINDOWMANAGER
  41A308 TAKEACCEPTED@F13WINDOWMANAGER
  41A3F4 SETRESPONSE@F13WINDOWMANAGERUc
  41A440 SETALERTS@F13WINDOWMANAGER
  41A4F0 SAVEHISTORY@F13WINDOWMANAGER
  41A598 RUN@F13WINDOWMANAGERUsUc
  41A59C RUN@F13WINDOWMANAGER
  41A5E8 RESTOREFIELD@F13WINDOWMANAGERl
  41A6BC RESETBUFFERS@F13WINDOWMANAGERUc
  41A720 RESET@F13WINDOWMANAGERUc
  41A7A8 PRIMEUPDATE@F13WINDOWMANAGER
  41A8EC PRIMEFIELDS@F13WINDOWMANAGER
  41A8F0 POSTCOMPLETED@F13WINDOWMANAGER
  41A988 OPEN@F13WINDOWMANAGERBwBw
  41A9D0 OPEN@F13WINDOWMANAGER
  41AA14 MODALEVENT@F13WINDOWMANAGER
  41AAF8 KILL@F13WINDOWMANAGER
  41AC4C INIT@F13WINDOWMANAGER
  41ACC8 REMOVEITEM@F13WINDOWMANAGER15WINDOWCOMPONENT
  41AD00 ASK@F13WINDOWMANAGER
  41AD64 ADDUPDATEFILE@F13WINDOWMANAGER11FILEMANAGER
  41ADA4 ADDITEM@F13WINDOWMANAGER17WINDOWRESIZECLASS
  41ADAC ADDITEM@F13WINDOWMANAGER15WINDOWCOMPONENT
  41ADD8 ADDITEM@F13WINDOWMANAGER12TOOLBARCLASS
  41ADEC ADDITEM@F13WINDOWMANAGERlUc
  41AE10 ADDITEM@F13WINDOWMANAGER11BROWSECLASS
  41AE38 ADDHISTORYFILE@F13WINDOWMANAGERRgRg
  41AE90 ADDHISTORYFIELD@F13WINDOWMANAGERll
  41AEB8 DISABLECANCELCONTROLS@F13WINDOWMANAGER
  41AF10 ENABLECANCELCONTROLS@F13WINDOWMANAGER
  41AF68 GETIFACE@F15CRITICALSECTION
  41AF6C RELEASE@F15CRITICALSECTION
  41AF80 WAIT@F15CRITICALSECTION
  41AF94 DESTRUCT@F15CRITICALSECTION
  41AFA8 CONSTRUCT@F15CRITICALSECTION
  41AFBC KILL@F17CRITICALPROCEDURE
  41AFE0 INIT@F17CRITICALPROCEDURE11ISYNCOBJECT
  41B000 DESTRUCT@F17CRITICALPROCEDURE
  41B008 CONSTRUCT@F17CRITICALPROCEDURE
  41B5DC __thr_inst0
  41B5EC __sta_init_entry
  41B658 __sta_init_exit
  41B698 __thr_init_entry
  41B6B8 __thr_init_exit
  41BA10 GETDRIVES@F9JOBOBJECT13JODRIVESQTYPE
  41BB6C DEVICENAMEFORDRIVE@F9JOBOBJECTsb
  41BCC8 GETPROCESSPATH@F9JOBOBJECT14JOPROCESSQTYPE
  41BDC0 HANDLEFROMPID@F9JOBOBJECTUl
  41BE48 KILLPROCESSID@F9JOBOBJECTl
  41BED0 KILLPROCESS@F9JOBOBJECTsbll
  41C0B0 SYNCPROCESSLIST@F9JOBOBJECT11JOBPROCESSQ
  41C21C GETPROCESSMEMORYINFO@F9JOBOBJECTl28JOPROCESS_MEMORY_COUNTERS_EX
  41C2A4 GETPROCESSJOBS@F9JOBOBJECT11JOBPROCESSQ
  41C360 LISTPROCESSES@F9JOBOBJECT14JOPROCESSQTYPEOsbl
  41C66C ADDENV@F9JOBOBJECTsbsbl
  41C8FC CLEARENVIRONMENT@F9JOBOBJECT
  41C928 TAKEREADDATA@F9JOBOBJECTlRsb
  41C930 READDATA@F9JOBOBJECTl12STRINGTHEORYOsbOsbl
  41CD18 WRITEDATA@F9JOBOBJECT12STRINGTHEORYl
  41CE04 SETPROCESSAFFINITY@F9JOBOBJECTll
  41CEA8 GETPROCESSAFFINITY@F9JOBOBJECTRlRll
  41CF50 BINDTOCPU@F9JOBOBJECTl
  41D000 COUNTPROCESSORS@F9JOBOBJECT
  41D02C GETSYSTEMINFO@F9JOBOBJECT13JOSYSTEM_INFO
  41D03C STOREPROCESSINFO@F9JOBOBJECTsbsbsbsb21JOPROCESS_INFORMATION13JOSTARTUPINFOll
  41D1E8 CREATEPROCESS@F9JOBOBJECTsbUsUcOsbOsbOsbPl12STRINGTHEORYll
  41D970 CREATEPROCESS@F9JOBOBJECTsb12STRINGTHEORYlll
  41DA50 CREATEPROCESS@F9JOBOBJECTsbsbsbsbl
  41DE80 SETINFORMATION@F9JOBOBJECTl
  41DFF0 DUPLICATETOKEN@F9JOBOBJECTl21JOSECURITY_ATTRIBUTES
  41E084 CLOSEHANDLE@F9JOBOBJECTl
  41E098 LOGONUSER@F9JOBOBJECTsbOsbsbRlUlUl
  41E2BC RUNASUSER@F9JOBOBJECTsbsbllOl
  41EA84 KILL@F9JOBOBJECTl
  41EC10 INIT@F9JOBOBJECTOsb
  41EDAC FINDACTIVESESSION@F9JOBOBJECT13JOSESSIONINFO
  41EE00 GETSESSIONS@F9JOBOBJECT13JOSESSIONINFO
  41F258 GETINFORMATION@F9JOBOBJECTl
  41F3C0 GETCURRENTUSERTOKEN@F9JOBOBJECT
  41F484 GETTOKEN@F9JOBOBJECTl
  41F544 EXECUTEFILE@F9JOBOBJECTsb
  41F630 ENDPROCESS@F9JOBOBJECTl
  41F6EC CREATEJOB@F9JOBOBJECTsb
  41F86C CLOSEALL@F9JOBOBJECT
  41F8CC ADDPROCESS@F9JOBOBJECTl
  41F930 GETACTIVECONSOLESESSIONID@F9JOBOBJECT
  41F93C DESTRUCT@F9JOBOBJECT
  41F94C CONSTRUCT@F9JOBOBJECT
  41F964 PUTREG@F7APIBASElsbsbsbl
  41FCE4 GETREG@F7APIBASElsbsb
  41FF90 ULONG64TOREAL@F7APIBASE15JOLARGE_INTEGER
  41FFE8 FREECSTRING@F7APIBASERsc
  420048 TOCSTRING@F7APIBASERsb
  4200A8 FORMATMESSAGE@F7APIBASEl
  42012C ERRORTRAP@F7APIBASE
  42015C ERRORTRAP@F7APIBASEsblOsb
  4203A8 TRACE@F7APIBASEsb
  420430 DEBUG@F7APIBASEsb
  420470 FREELIBS@F7APIBASE
  420500 LOCATEPROCEDURE@F7APIBASElsb
  4205C0 LOADLIBS@F7APIBASE
  420D0C RESETSETTING@F13CSRESIZECLASS
  420DA8 TAKEEVENT@F13CSRESIZECLASS
  420ED8 OPEN@F13CSRESIZECLASS
  420F44 CORRECTSIZING@F13CSRESIZECLASS
  421028 GETCONTROL@F13CSRESIZECLASSl
  421064 DELETECONTROL@F13CSRESIZECLASSl
  4210F0 CHANGECONTROL@F13CSRESIZECLASSlll
  421218 UPDATE@F13CSRESIZECLASSsbsbsb
  42125C FETCH@F13CSRESIZECLASSsbsbRu
  42128C UPDATE@F13CSRESIZECLASS
  4212DC FETCH@F13CSRESIZECLASS
  421344 RESET@F13CSRESIZECLASS
  4214B8 SIZED@F13CSRESIZECLASSl
  421CE4 RESIZE@F13CSRESIZECLASS
  422124 REGISTER@F13CSRESIZECLASS12CSSPLITCLASS
  422158 SETSTRATEGY@F13CSRESIZECLASSll
  4221D4 STRATEGY@F13CSRESIZECLASSll
  4221DC SETSTRATEGY@F13CSRESIZECLASSldddd
  42242C STRATEGY@F13CSRESIZECLASSldddd
  422460 DRAWHANDLEDOTS@F13CSRESIZECLASS
  422560 DRAWHANDLELINES@F13CSRESIZECLASS
  422734 DRAWHANDLE@F13CSRESIZECLASS
  422760 GRABCORNERLINES@F13CSRESIZECLASS
  422960 INIT@F13CSRESIZECLASSsbBwUcl
  422CE4 DESTRUCT@F13CSRESIZECLASS
  422D54 CONSTRUCT@F13CSRESIZECLASS
  422DA8 OPEN@F21CSRESIZEANDSPLITCLASS
  422DB4 SETPOSITION@F21CSRESIZEANDSPLITCLASSl7ERS_POS
  422E64 GETPOSITION@F21CSRESIZEANDSPLITCLASSl7ERS_POS
  422FA8 ADDCONTROL@F21CSRESIZEANDSPLITCLASSl7ERS_POS
  42302C RESIZE@F21CSRESIZEANDSPLITCLASS
  423204 INIT@F21CSRESIZEANDSPLITCLASS
  423208 INIT@F21CSRESIZEANDSPLITCLASSBw
  42320C DESTRUCT@F21CSRESIZEANDSPLITCLASS
  423238 CONSTRUCT@F21CSRESIZEANDSPLITCLASS
  423258 TRACE@F21CSRESIZEANDSPLITCLASSsb
  426AA0 SORTCASEINSENSITIVE@F14LINESGROUPTYPE14LINESGROUPTYPE
  426B18 SORTLENGTH@F14LINESGROUPTYPE14LINESGROUPTYPE
  426BB8 SORTCASESENSITIVE@F14LINESGROUPTYPE14LINESGROUPTYPE
  426C08 DEFORMATUNIXTIMESTAMP@F14STRINGDEFORMATsbOsb
  427038 DEFORMATDATETEXT@F14STRINGDEFORMATlsbsbsbsb
  4294A0 DEFORMATDATE@F14STRINGDEFORMATsbOsb
  42B45C DEFORMATTIME@F14STRINGDEFORMATsbOsb
  42C188 DEFORMATTIMEHOURS@F14STRINGDEFORMATsbOsb
  42C210 DEFORMATNUMBER@F14STRINGDEFORMATsbOsb
  42C728 DEFORMATHEX@F14STRINGDEFORMATsbOsb
  42C94C DEFORMATPATTERN@F14STRINGDEFORMATsbOsb
  42CB20 DEFORMATSCIENTIFIC@F14STRINGDEFORMATsbOsb
  42CB7C DEFORMATVALUE@F14STRINGDEFORMATsbOsb
  42CEAC DATEFROMWEEK@F14STRINGDEFORMATsbll
  42D020 TRANSLATE@F14STRINGDEFORMATsb
  42D054 FORMATPATTERN@F12STRINGFORMATsb13STRINGPICTUREl
  42D160 FORMATHEX@F12STRINGFORMATsb13STRINGPICTUREl
  42D454 FORMATUNIXTIMESTAMP@F12STRINGFORMATd13STRINGPICTUREl
  42D984 FORMATNUMBER@F12STRINGFORMATdsbl
  42DAD0 FORMATTIMEHOURS@F12STRINGFORMATdsbl
  42DB6C FORMATTIME@F12STRINGFORMATd13STRINGPICTUREl
  42EECC FORMATTIME@F12STRINGFORMATdsbl
  42EF58 WEEK@F12STRINGFORMATlRlRlRl
  42F0D4 FORMATDATE@F12STRINGFORMATd13STRINGPICTUREl
  42F7F4 FORMATDATE@F12STRINGFORMATdsbl
  42F880 FORMATVALUE@F12STRINGFORMATsbOsbl
  42FDB4 UTCTIME@F8UNIXDATE
  42FE04 UTCDATE@F8UNIXDATE
  42FE44 CLARIONTOUNIXDATE@F8UNIXDATElll
  42FF44 UNIXTOCLARIONTIME@F8UNIXDATEdl
  430048 UNIXTOCLARIONDATE@F8UNIXDATEdl
  43011C TRACE@F8UNIXDATEsb
  430190 _BLOCKBOUND@F13STRINGPICTUREsbsbRl
  4301EC _BLOCKBOUND@F13STRINGPICTURERsbsbRl
  4302EC _BLOCK@F13STRINGPICTUREsbsbRll
  430348 _BLOCK@F13STRINGPICTURERsbsbRll
  430418 TRACE@F13STRINGPICTUREsb
  43048C INTERPRETHEXPICTURE@F13STRINGPICTURE
  430520 INTERPRETUNIXTIMESTAMPPICTURE@F13STRINGPICTURE
  430610 INTERPRETKEYINPICTURE@F13STRINGPICTURE
  430628 INTERPRETPATTERNPICTURE@F13STRINGPICTURE
  430640 INTERPRETNUMERICPICTURE@F13STRINGPICTURE
  43065C INTERPRETSCIENTIFICPICTURE@F13STRINGPICTURE
  430678 INTERPRETSTRINGPICTURE@F13STRINGPICTURE
  4306D0 INTERPRETTIMEHOURSPICTURE@F13STRINGPICTURE
  4306EC INTERPRETTIMEPICTURE@F13STRINGPICTURE
  430D1C INTERPRETDATEPICTURE@F13STRINGPICTURE
  43178C INTERPRETPICTURE@F13STRINGPICTUREOsb
  431958 PARSEHEXPICTURE@F13STRINGPICTUREOsb
  431BA4 PARSEUNIXTIMESTAMPPICTURE@F13STRINGPICTUREOsb
  4320D8 PARSEKEYINPICTURE@F13STRINGPICTUREOsb
  432218 PARSEPATTERNPICTURE@F13STRINGPICTUREOsb
  432358 PARSENUMERICPICTURE@F13STRINGPICTUREOsb
  432758 PARSESCIENTIFICPICTURE@F13STRINGPICTUREOsb
  4329B4 PARSESTRINGPICTURE@F13STRINGPICTUREOsb
  432AE8 PARSETIMEHOURSPICTURE@F13STRINGPICTUREOsb
  432BB8 PARSETIMEPICTURE@F13STRINGPICTUREOsb
  4331A0 PARSEDATEPICTURE@F13STRINGPICTUREOsb
  433530 PARSEPICTURE@F13STRINGPICTUREOsb
  433898 CREATEHEXPICTURE@F13STRINGPICTUREl
  433908 CREATEUNIXTIMESTAMPPICTURE@F13STRINGPICTUREl
  433AB0 CREATEKEYINPICTURE@F13STRINGPICTUREl
  433BC0 CREATEPATTERNPICTURE@F13STRINGPICTUREl
  433CD0 CREATENUMERICPICTURE@F13STRINGPICTUREl
  433F90 CREATESCIENTIFICPICTURE@F13STRINGPICTUREl
  4341AC CREATESTRINGPICTURE@F13STRINGPICTUREl
  43431C CREATETIMEHOURSPICTURE@F13STRINGPICTUREl
  43435C CREATETIMEPICTURE@F13STRINGPICTUREl
  43467C CREATEDATEPICTURE@F13STRINGPICTUREl
  434878 CREATEPICTURE@F13STRINGPICTUREOsbl
  4349F0 SETDEFORMATVALUE@F12STRINGTHEORYsbsb
  434A74 SETDEFORMATVALUE@F12STRINGTHEORYsb
  434AF0 SETFORMATVALUE@F12STRINGTHEORYsbsb
  434B7C SETFORMATVALUE@F12STRINGTHEORYsb
  434C00 DEFORMATVALUE@F12STRINGTHEORYsbsb
  434C80 DEFORMATVALUE@F12STRINGTHEORYsb
  434CF0 FORMATVALUE@F12STRINGTHEORYsbsb
  434D78 FORMATVALUE@F12STRINGTHEORYsb
  434DEC _IANANAMETONUMBER@F12STRINGTHEORYsb
  4354B0 FORMATHTML@F12STRINGTHEORY
  4359D4 ASNENCODENUMBER@F12STRINGTHEORYsbl
  435A78 ASNENCODE@F12STRINGTHEORYsbOsb
  435B74 ASNDECODE@F12STRINGTHEORYRl12STRINGTHEORYPsb
  435DE4 CONVERTANSITOOEM@F12STRINGTHEORY
  435E2C CONVERTOEMTOANSI@F12STRINGTHEORY
  435E74 ENDSWITH@F12STRINGTHEORYsbll
  435F5C STARTSWITH@F12STRINGTHEORYsbll
  436024 ISTIME@F12STRINGTHEORY
  43614C ISTIME@F12STRINGTHEORYsb
  4361E0 DEFORMATTIME@F12STRINGTHEORY
  436254 DEFORMATTIME@F12STRINGTHEORYsb
  4362CC FORMATTIME@F12STRINGTHEORYsb
  43634C FORMATTIME@F12STRINGTHEORYsbsb
  4363E4 LINEENDINGS@F12STRINGTHEORYll
  436888 MERGEXML@F12STRINGTHEORYsbl
  4369B4 GUNZIP@F12STRINGTHEORYl
  436D54 GZIP@F12STRINGTHEORYl
  4370F8 LOADNORMALIZE@F12STRINGTHEORY
  4371E4 LOADLIBS@F12STRINGTHEORY
  43739C PEEKRAM@F12STRINGTHEORY12STRINGTHEORYUlll
  437750 PEEKRAM@F12STRINGTHEORYUlll
  43785C PEEKRAM@F12STRINGTHEORYl
  437870 CLEANFILENAME@F12STRINGTHEORYOsbOsb
  4379DC GUIDDECODE@F12STRINGTHEORY
  4379E8 GUIDENCODE@F12STRINGTHEORYl
  437C60 URLDECODE@F12STRINGTHEORYOsbOsb
  437F98 URLENCODE@F12STRINGTHEORYlOsbOsbOsb
  438980 URLENCODE@F12STRINGTHEORYsblsbsbsb
  438AA8 _COLORFROMCSL@F12STRINGTHEORYsb
  438CAC _COLORFROMHEX@F12STRINGTHEORYsb
  438E9C _COLORTOHEX@F12STRINGTHEORYl
  438F74 COLORTOLONG@F12STRINGTHEORYsb
  439290 COLORFROMHEX@F12STRINGTHEORYsb
  4392D0 COLORTOHEX@F12STRINGTHEORYsbl
  43C0FC REPLACELAST@F12STRINGTHEORYsbsblll
  43C1E4 FINDLAST@F12STRINGTHEORYsblll
  43C23C REPLACENTH@F12STRINGTHEORYsbsbllll
  43C32C FINDNTH@F12STRINGTHEORYsbllll
  43C62C FINDCHARS@F12STRINGTHEORYsbllsb
  43C6B4 FINDCHARS@F12STRINGTHEORYsbllRsb
  43C734 FINDCHARS@F12STRINGTHEORYRsbllRsb
  43C7A4 FINDCHARS@F12STRINGTHEORYsbll
  43C818 FINDCHARS@F12STRINGTHEORYRsbll
  43C864 FINDCHARS@F12STRINGTHEORYsbl
  43C8E4 FINDCHARS@F12STRINGTHEORYRsbl
  43C928 FINDCHARS@F12STRINGTHEORYsb
  43C96C FINDCHARS@F12STRINGTHEORYRsb
  43C980 FINDCHARSADDR@F12STRINGTHEORYRsbll
  43CA64 FINDENDOFSTRING@F12STRINGTHEORYlll
  43CB14 _MEMICHR@F12STRINGTHEORYlll
  43CB84 _MEMICHRS@F12STRINGTHEORYRsbll
  43CC68 _MEMCHRS@F12STRINGTHEORYRsbll
  43CD24 FINDCHAR@F12STRINGTHEORYsbllsb
  43CDC0 FINDCHAR@F12STRINGTHEORYsbll
  43CE48 FINDCHAR@F12STRINGTHEORYsbl
  43CEE0 FINDCHAR@F12STRINGTHEORYsb
  43CF40 UNQUOTE@F12STRINGTHEORYOsbOsb
  43D018 QUOTE@F12STRINGTHEORYOsbOsb
  43D15C INSERT@F12STRINGTHEORYlRsb
  43D364 INSERT@F12STRINGTHEORYlsb
  43D39C INSERT@F12STRINGTHEORYl12STRINGTHEORY
  43D3C4 SETSLICE@F12STRINGTHEORYllsb
  43D440 STR@F12STRINGTHEORYRsb
  43D494 STR@F12STRINGTHEORYsb
  43D504 STR@F12STRINGTHEORY
  43D53C REVERSEBYTEORDER@F12STRINGTHEORY
  43D548 LITTLEENDIAN@F12STRINGTHEORYUl
  43D554 BIGENDIAN@F12STRINGTHEORYUl
  43D560 SWITCHENDIAN@F12STRINGTHEORYUl
  43D598 LITTLEENDIAN@F12STRINGTHEORY
  43D5C8 BIGENDIAN@F12STRINGTHEORY
  43D5F8 _SWITCHENDIAN@F12STRINGTHEORY
  43D648 MATCHBRACKETS@F12STRINGTHEORYsbsbl
  43D798 KEEPCHARS@F12STRINGTHEORYsb
  43D8CC KEEPCHARS@F12STRINGTHEORYsbsb
  43D974 REMOVECHARS@F12STRINGTHEORYsb
  43DAA4 ISALL@F12STRINGTHEORYsbOsbl
  43DB94 ISASCII@F12STRINGTHEORY
  43DBC4 CONTAINSCHAR@F12STRINGTHEORYsbsb
  43DC40 CONTAINSCHAR@F12STRINGTHEORYsbRsb
  43DCBC CONTAINSCHAR@F12STRINGTHEORYsb
  43DD24 CONTAINSA@F12STRINGTHEORYsbOsbl
  43DE10 ISALLDIGITS@F12STRINGTHEORY
  43DE48 CONTAINSADIGIT@F12STRINGTHEORY
  43DE80 SQUEEZE@F12STRINGTHEORYlOsbl
  43DFAC SETALL@F12STRINGTHEORYl
  43DFF4 ALL@F12STRINGTHEORYl
  43E040 SETRIGHT@F12STRINGTHEORYllOsb
  43E0BC RIGHT@F12STRINGTHEORYllOsb
  43E260 SETLEFT@F12STRINGTHEORYllOsb
  43E2DC LEFT@F12STRINGTHEORYllOsb
  43E4A4 REVERSE@F12STRINGTHEORY
  43E52C REVERSE@F12STRINGTHEORYsb
  43E5E4 TRIM@F12STRINGTHEORYOsb
  43E738 CLIP@F12STRINGTHEORY
  43E7A4 TAIL@F12STRINGTHEORYl
  43E7E4 TOP@F12STRINGTHEORYl
  43E808 REMOVEFROMPOSITION@F12STRINGTHEORYll
  43E8B4 REMOVE@F12STRINGTHEORYsbOsblll
  43EDB8 CHARTODECENTITY@F12STRINGTHEORYll
  43EF60 DECENTITYTOCHAR@F12STRINGTHEORY
  43F324 HTMLENTITYTODEC@F12STRINGTHEORY
  44119C REMOVEXMLPREFIXES@F12STRINGTHEORY
  441254 REMOVEATTRIBUTES@F12STRINGTHEORYsbl
  441448 COUNTWORDS@F12STRINGTHEORYllOsbl
  441504 WORDEND@F12STRINGTHEORYllOsbl
  441904 WORDSTART@F12STRINGTHEORYlllOsb
  441B54 GETWORD@F12STRINGTHEORYlllOsbl
  441BC0 FINDWORD@F12STRINGTHEORYlllRlRlOsbl
  441DD8 GETBYTES@F12STRINGTHEORYRusbl
  44221C SETBYTES@F12STRINGTHEORYRusbl
  44274C GETBYTES@F12STRINGTHEORYRspl
  44276C GETBYTES@F12STRINGTHEORYRsbl
  44278C GETBYTES@F12STRINGTHEORYRscl
  4427AC GETBYTES@F12STRINGTHEORYRel
  4427D0 GETBYTES@F12STRINGTHEORYRdl
  4427EC GETBYTES@F12STRINGTHEORYRfl
  442808 GETBYTES@F12STRINGTHEORYRUll
  442824 GETBYTES@F12STRINGTHEORYRll
  442838 GETBYTES@F12STRINGTHEORYRUsl
  442854 GETBYTES@F12STRINGTHEORYRsl
  442870 GETBYTES@F12STRINGTHEORYRUcl
  44288C SETBYTES@F12STRINGTHEORYRsp
  4428B0 SETBYTES@F12STRINGTHEORYRsb
  4428C0 SETBYTES@F12STRINGTHEORYRsc
  4428E0 SETBYTES@F12STRINGTHEORYRe
  442924 SETBYTES@F12STRINGTHEORYRd
  442938 SETBYTES@F12STRINGTHEORYRf
  44294C SETBYTES@F12STRINGTHEORYRUl
  442960 SETBYTES@F12STRINGTHEORYRl
  442974 SETBYTES@F12STRINGTHEORYRUs
  442988 SETBYTES@F12STRINGTHEORYRs
  44299C SETBYTES@F12STRINGTHEORYRUc
  4429B0 FROMBYTES@F12STRINGTHEORYRsbRspl
  4429D4 FROMBYTES@F12STRINGTHEORYRsbRsbl
  4429F8 FROMBYTES@F12STRINGTHEORYRsbRscl
  442A1C FROMBYTES@F12STRINGTHEORYRsbRel
  442A68 FROMBYTES@F12STRINGTHEORYRsbRdl
  442AA0 FROMBYTES@F12STRINGTHEORYRsbRfl
  442AD8 FROMBYTES@F12STRINGTHEORYRsbRUll
  442B10 FROMBYTES@F12STRINGTHEORYRsbRll
  442B48 FROMBYTES@F12STRINGTHEORYRsbRUsl
  442B80 FROMBYTES@F12STRINGTHEORYRsbRsl
  442BB8 FROMBYTES@F12STRINGTHEORYRsbRUcl
  442BF0 TOBYTES@F12STRINGTHEORYRsbRsbl
  442C14 TOBYTES@F12STRINGTHEORYRspRsbl
  442C40 TOBYTES@F12STRINGTHEORYRscRsbl
  442C64 TOBYTES@F12STRINGTHEORYReRsbl
  442C84 TOBYTES@F12STRINGTHEORYRdRsbl
  442CBC TOBYTES@F12STRINGTHEORYRfRsbl
  442CF4 TOBYTES@F12STRINGTHEORYRUlRsbl
  442D2C TOBYTES@F12STRINGTHEORYRlRsbl
  442D64 TOBYTES@F12STRINGTHEORYRUsRsbl
  442D98 TOBYTES@F12STRINGTHEORYRsRsbl
  442DCC TOBYTES@F12STRINGTHEORYRUcRsbl
  442DFC STRCPY@F12STRINGTHEORYRsbRsbl
  442EA8 WRAPTEXT@F12STRINGTHEORYlll
  44347C FROMHEX@F12STRINGTHEORY
  44355C TOHEX@F12STRINGTHEORYll
  443678 HEXTOSTRING@F12STRINGTHEORYsb
  4438C8 STRINGTOHEX@F12STRINGTHEORYsbll
  44390C STRINGTOHEX@F12STRINGTHEORYRsbll
  443A1C LONGTOHEX@F12STRINGTHEORYl
  443ACC HEXTOBYTE@F12STRINGTHEORYsb
  443B20 BYTETOHEX@F12STRINGTHEORYUc
  443B80 BASETODEC@F12STRINGTHEORYsbl
  443C94 DECTOBASE@F12STRINGTHEORYlll
  443DE0 ISVALIDUTF8@F12STRINGTHEORY
  443E30 NORMALIZE@F12STRINGTHEORYll
  4440F8 UTF16TOUTF8CHAR@F12STRINGTHEORYsbRl
  444358 DECODEHEXINLINE@F12STRINGTHEORYsbll
  444530 DECODEHEXINLINE@F12STRINGTHEORYl
  4445A4 TOUNICODE@F12STRINGTHEORYll
  444760 TOANSI@F12STRINGTHEORYlll
  444944 TOANSI@F12STRINGTHEORYll
  444B54 APIANSITOUTF8@F12STRINGTHEORYRsbRl
  444B88 APIUTF8TOANSI@F12STRINGTHEORYRsbRl
  444BBC ANSITOUTF8@F12STRINGTHEORYRsbRll
  444CCC UTF8TOANSI@F12STRINGTHEORYRsbRll
  444DC8 UTF16TO8@F12STRINGTHEORYRsbRll
  444FE0 UTF8TO16@F12STRINGTHEORYRsbRl
  445118 UTF16TOANSI@F12STRINGTHEORYRsbRllUl
  445290 ANSITOUTF16@F12STRINGTHEORYRsbRlUl
  4453D8 LONGDIVISION@F12STRINGTHEORYlRll
  445558 CHANGEBASE@F12STRINGTHEORYll
  445648 FROMBLOB@F12STRINGTHEORYBb
  445740 TOBLOB@F12STRINGTHEORYBb
  445858 SETAFTERNTH@F12STRINGTHEORYsblllll
  445900 SETAFTERLAST@F12STRINGTHEORYsbllll
  4459B8 SETAFTER@F12STRINGTHEORYsbllll
  445B14 AFTERNTH@F12STRINGTHEORYsbllll
  445BB0 AFTERLAST@F12STRINGTHEORYsblll
  445C6C AFTER@F12STRINGTHEORYsblll
  445DD0 FINDBETWEENPOSITION@F12STRINGTHEORYsbsbRlRlll
  446058 SETBETWEEN@F12STRINGTHEORYsbsblllll
  446130 FINDBETWEEN@F12STRINGTHEORYsbsbRlRlll
  4461DC BETWEEN@F12STRINGTHEORYsbsbllll
  446260 SETBEFORENTH@F12STRINGTHEORYsblllll
  446308 SETBEFORELAST@F12STRINGTHEORYsbllll
  4463B8 SETBEFORE@F12STRINGTHEORYsbllll
  446510 BEFORENTH@F12STRINGTHEORYsbllll
  446594 BEFORELAST@F12STRINGTHEORYsblll
  446638 BEFORE@F12STRINGTHEORYsblll
  446784 ADDBOM@F12STRINGTHEORYl
  446870 SETENCODINGFROMBOM@F12STRINGTHEORYl
  44696C SAVEFILEA@F12STRINGTHEORYsbsbl
  4469D0 SAVEFILE@F12STRINGTHEORYRsbsbll
  446C40 SAVEFILE@F12STRINGTHEORYsbl
  446CBC LOADFILE@F12STRINGTHEORYsblll
  4470F8 URLPARAMETER@F12STRINGTHEORYsbOsb
  447398 URLPARAMETERSONLY@F12STRINGTHEORYOsb
  447504 URLFILEONLY@F12STRINGTHEORYOsb
  447720 URLPATHONLY@F12STRINGTHEORYOsbl
  44790C URLPORTONLY@F12STRINGTHEORYOsb
  447AE8 URLHOSTONLY@F12STRINGTHEORYOsbl
  447CF4 URLPROTOCOLONLY@F12STRINGTHEORYOsb
  447E24 PATHONLY@F12STRINGTHEORYOsb
  447F44 FILENAMEONLY@F12STRINGTHEORYOsbl
  4481D4 LOWER@F12STRINGTHEORYOsbOsb
  448374 UPPER@F12STRINGTHEORYOsbOsb
  448514 TRACE@F12STRINGTHEORYOsb
  448644 TRACE@F12STRINGTHEORYBq
  448714 TOCSTRING@F12STRINGTHEORY
  4487C4 GETCODEPAGEFROMCHARSET@F12STRINGTHEORYOl
  448884 SUB@F12STRINGTHEORYll
  448918 FILTER@F12STRINGTHEORYsbsbll
  448C84 SORT@F12STRINGTHEORYl
  448CC4 SORT@F12STRINGTHEORYlsbOsbOsbll
  448DC4 SPLITBETWEEN@F12STRINGTHEORYsbsbll
  448F10 SPLITBYMATCH@F12STRINGTHEORYsbl
  449038 SPLITEVERY@F12STRINGTHEORYl
  4490C4 SPLIT@F12STRINGTHEORYsbOsbOsblllOsbl
  449228 SLICE@F12STRINGTHEORYll
  44929C ADJUSTLENGTH@F12STRINGTHEORYl
  4492D0 SETLENGTH@F12STRINGTHEORYll
  449428 REMOVEHTML@F12STRINGTHEORY
  449578 REPLACESINGLECHARS@F12STRINGTHEORYsbsbl
  44964C REPLACESINGLECHARS@F12STRINGTHEORYsbsb
  449730 REPLACEEXCEPTBETWEEN@F12STRINGTHEORYsbOsbsbsbllll
  449AE8 REPLACEBETWEEN@F12STRINGTHEORYsbOsbsbsblllll
  449EEC REPLACE@F12STRINGTHEORYsbsbllll
  44A220 REPLACE@F12STRINGTHEORYsbsblllll
  44A3E4 RECORDS@F12STRINGTHEORY
  44A3FC MAKEGUID4@F12STRINGTHEORYl
  44A498 MAKEGUID@F12STRINGTHEORYll
  44A4B8 SETRANDOM@F12STRINGTHEORYllOsb
  44AA08 RANDOM@F12STRINGTHEORYllOsb
  44AA80 SEEDRANDOM@F12STRINGTHEORY
  44AAD4 PREPEND@F12STRINGTHEORY12STRINGTHEORY
  44AAFC PREPEND@F12STRINGTHEORY12STRINGTHEORYsb
  44AB58 PREPEND@F12STRINGTHEORY12STRINGTHEORYlsb
  44ABF0 PREPEND@F12STRINGTHEORYRsb
  44ACEC PREPEND@F12STRINGTHEORYsb
  44AD24 PREPEND@F12STRINGTHEORYsblsb
  44AF94 PREPEND@F12STRINGTHEORYsbl
  44B02C MD5@F12STRINGTHEORYlPsbl
  44B0DC _MALLOC@F12STRINGTHEORYlll
  44B244 CHARS@F12STRINGTHEORYlOsb
  44B374 LEN@F12STRINGTHEORY
  44B378 LENGTHA@F12STRINGTHEORY
  44B37C LENGTH@F12STRINGTHEORY
  44B380 JOIN@F12STRINGTHEORYsbOsbOsbl
  44B7B8 SERIALIZEGROUP@F12STRINGTHEORYRg12STRINGTHEORYOsbOsblll
  44BCD4 SERIALIZEQUEUE@F12STRINGTHEORYBqOsb12STRINGTHEORYOsbOsblll
  44BF40 SERIALIZEGROUP@F12STRINGTHEORYRgOsbOsbOsblll
  44C0D0 SERIALIZEQUEUE@F12STRINGTHEORYBqOsbOsbOsbOsblll
  44C24C REMOVELINES@F12STRINGTHEORYOsb
  44C350 DELETELINE@F12STRINGTHEORYl
  44C39C ADDLINE@F12STRINGTHEORYRsb
  44C3B0 ADDLINE@F12STRINGTHEORYsb
  44C3E8 ADDLINE@F12STRINGTHEORYlRsb
  44C4C8 ADDLINE@F12STRINGTHEORYlsb
  44C500 SETLINE@F12STRINGTHEORYl12STRINGTHEORY
  44C530 SETLINE@F12STRINGTHEORYlRsb
  44C658 SETLINE@F12STRINGTHEORYlsb
  44C690 INLINE@F12STRINGTHEORYsblllllll
  44CAC8 GETBUFFERLENGTH@F12STRINGTHEORY
  44CACC GETLINES@F12STRINGTHEORYllsb
  44CC44 GETLINE@F12STRINGTHEORYl
  44CCF4 GETVAL@F12STRINGTHEORY
  44CD08 GETVALUE@F12STRINGTHEORYl
  44CD5C GETVALUE@F12STRINGTHEORY
  44CD94 FORMATMESSAGE@F12STRINGTHEORYl
  44CDE0 EXTENSIONONLY@F12STRINGTHEORYOsb
  44CF14 ERRORTRAP@F12STRINGTHEORYsbsbUc
  44D08C CAPITALIZE@F12STRINGTHEORYlllOsb
  44D250 COUNT@F12STRINGTHEORYsbllllll
  44D5D4 FINDMATCHPOSITION@F12STRINGTHEORYsbRlRlll
  44D768 FINDMATCH@F12STRINGTHEORYsbRlRlll
  44D7F4 MATCH@F12STRINGTHEORYsbllll
  44D8E4 INSTRING@F12STRINGTHEORYsblllll
  44DE24 INSTRING@F12STRINGTHEORYsbllll
  44DEC8 INSTRING@F12STRINGTHEORYRsblll
  44DF30 INSTRING@F12STRINGTHEORYsblll
  44DFC8 INSTRING@F12STRINGTHEORYRsbll
  44E060 INSTRING@F12STRINGTHEORYsbll
  44E144 INSTRING@F12STRINGTHEORYRsbl
  44E1A0 INSTRING@F12STRINGTHEORYsbl
  44E238 INSTRING@F12STRINGTHEORYRsb
  44E26C INSTRING@F12STRINGTHEORYsb
  44E2D4 CROP@F12STRINGTHEORYll
  44E368 CLIPLENGTH@F12STRINGTHEORY
  44E3A8 CLIPLEN@F12STRINGTHEORY
  44E3B4 FREELINES@F12STRINGTHEORY
  44E410 FREE@F12STRINGTHEORYll
  44E4C0 FREE@F12STRINGTHEORYl
  44E4D4 FREE@F12STRINGTHEORY
  44E4F0 ZEROXDECODE@F12STRINGTHEORY
  44E61C ZEROXENCODE@F12STRINGTHEORY
  44E770 XMLDECODE@F12STRINGTHEORY
  44E8B8 XMLENCODE@F12STRINGTHEORYl
  44EF54 JSONDECODE@F12STRINGTHEORY
  44F188 JSONENCODE@F12STRINGTHEORYl
  44F5AC ENCODEDWORDENCODE@F12STRINGTHEORYOsbl
  44F790 ENCODEDWORDDECODE@F12STRINGTHEORY
  44FDB0 QUOTEDPRINTABLEDECODE@F12STRINGTHEORY
  44FE20 QUOTEDPRINTABLEENCODE@F12STRINGTHEORY
  450004 BASE85DECODE@F12STRINGTHEORY
  450360 BASE85ENCODE@F12STRINGTHEORYl
  4508A0 BASE64DECODE@F12STRINGTHEORYRsbRl
  450AF4 BASE64DECODE@F12STRINGTHEORY
  450B5C BASE64ENCODE@F12STRINGTHEORYRsbRl
  4510C0 BASE64ENCODE@F12STRINGTHEORYl
  451340 GETADDRESS@F12STRINGTHEORY
  451344 GETVALUEPTR@F12STRINGTHEORYll
  4513B4 GETVALUEPTR@F12STRINGTHEORYl
  451418 GETVALUEPTR@F12STRINGTHEORY
  451458 ABBREVIATE@F12STRINGTHEORYlll
  451580 ASSIGN@F12STRINGTHEORYsb
  4515B4 ASSIGN@F12STRINGTHEORYRsb
  4515C4 _STEALVALUE@F12STRINGTHEORYRsb
  451608 _STEALVALUE@F12STRINGTHEORY12STRINGTHEORY
  4516AC _SETVALUEPOINTER@F12STRINGTHEORYllll
  451814 _GETNEXTBUFFERSIZE@F12STRINGTHEORYl
  4518B8 EQUALS@F12STRINGTHEORYsbl
  45198C EQUALS@F12STRINGTHEORY12STRINGTHEORYl
  451A68 _EQUALSUNICODE@F12STRINGTHEORY12STRINGTHEORYl
  451BD8 _EQUALSUNICODE@F12STRINGTHEORYRsbl
  451C98 SETVALUEBYCSTRINGADDRESS@F12STRINGTHEORYll
  451D44 SETVALUEBYADDRESS@F12STRINGTHEORYll
  451EA4 SETVALUE@F12STRINGTHEORYRsbl
  45203C SETVALUE@F12STRINGTHEORYsbl
  45206C SETVALUE@F12STRINGTHEORY12STRINGTHEORYl
  4520D0 SETVALUE@F12STRINGTHEORY12STRINGTHEORY
  4521C4 CATADDR@F12STRINGTHEORYll
  452350 CAT@F12STRINGTHEORYRUc
  452400 CAT@F12STRINGTHEORYRsbl
  4524E4 CAT@F12STRINGTHEORYRsb
  4525CC CAT@F12STRINGTHEORYsbl
  452694 CAT@F12STRINGTHEORYsb
  452758 CAT@F12STRINGTHEORY12STRINGTHEORYl
  452834 CAT@F12STRINGTHEORY12STRINGTHEORY
  452908 APPEND@F12STRINGTHEORY12STRINGTHEORY
  4529DC APPEND@F12STRINGTHEORY12STRINGTHEORYsb
  452A20 APPEND@F12STRINGTHEORY12STRINGTHEORYlsb
  452B58 APPEND@F12STRINGTHEORYRsblsb
  452D60 APPEND@F12STRINGTHEORYsblsb
  452DF0 APPEND@F12STRINGTHEORYRsbl
  452E70 APPEND@F12STRINGTHEORYsbl
  452EC8 APPEND@F12STRINGTHEORYRsb
  452FB0 APPEND@F12STRINGTHEORYsb
  453074 APPENDBINARY@F12STRINGTHEORYll
  45309C APPENDA@F12STRINGTHEORYsblOsb
  45313C FLUSH@F12STRINGTHEORY12STRINGTHEORY
  453168 FLUSH@F12STRINGTHEORYRsb
  453200 FLUSH@F12STRINGTHEORYsb
  453238 FLUSH@F12STRINGTHEORY
  4532FC FLUSHANDKEEP@F12STRINGTHEORY
  45338C NOSTREAM@F12STRINGTHEORY
  4533A4 STREAM@F12STRINGTHEORYsbll
  453640 START@F12STRINGTHEORYl
  453708 DESTRUCT@F12STRINGTHEORY
  453764 CONSTRUCT@F12STRINGTHEORY
  45378C __thunk.WEBCOMPRESSOR003$COMPRESS@Fsbsb
  454694 MAIN@F
  4554EC WEBCOMPRESSOR002$UPDATEPROJECTS@F
  455778 WEBCOMPRESSOR003$COMPRESS@Fsbsb
  4559C8 KILL@F20HIDE:RELATE:PROJECTS
  455A10 INIT@F20HIDE:RELATE:PROJECTS
  455A48 USEFILE@F20HIDE:ACCESS:PROJECTSUc
  455AEC PRIMEFIELDS@F20HIDE:ACCESS:PROJECTS
  455B2C KILL@F20HIDE:ACCESS:PROJECTS
  455B4C INIT@F20HIDE:ACCESS:PROJECTS
  455BCC WEBCOMPRESSOR_BC0$WEBCOMPRESSOR_BC0:FILESINIT@F
  455BE0 WEBCOMPRESSOR_BC0$WEBCOMPRESSOR_BC0:DCTKILL@F
  455C08 WEBCOMPRESSOR_BC0$WEBCOMPRESSOR_BC0:DCTINIT@F
  455C6C DCTKILL@F
  455C74 DCTINIT@F
  455C80 _main
  455D5C DESTRUCT@F10DICTIONARY
  455D64 CONSTRUCT@F10DICTIONARY
  455D74 MYENDSESSIONHANDLER
  455D78 MYOKTOENDSESSIONHANDLER
  456DE4 ds__TestStack
  457150 ds__SaveStack
  457260 ds__GetCurrentRegisters2
  457794 DS_NIB2HEX@Fl
  4577EC DS_ADDFIELDEQUATE@Fsbsbl
  4578C4 WINACCEPT
  458034 ds_Sleep
  458094 ds_FormatFastTime
  458218 ds_FastClock
  4585D4 ds_LoadDLLProc
  458998 ds_WinError
  458A40 ds_ErrorSet
  458AB4 ds_ErrorReset
  458B34 ds_Error
  45A110 ds_OutputDebugString
  45A1B8 ds_Trace
  45A1E8 ds_Debug
  45C2C8 ds_FormatHex
  45C45C ds_VisibleOnAppframe
  45CB3C ds_VisibleOnDesktop
  45D9E4 ds_SetEndSessionHandler
  45DA14 ds_SetOkToEndSessionHandler
  45DA44 WinWtsID
  45DA54 WinWtsEvent
  45DA94 WinAlertMouseZoom
  45DAD4 WinAlert
  45DE08 WinSysEvent
  45DE48 WinEvent
  45DE58 _ASM_SaveStack
  45DE64 _ASM_TestStack
  45DE70 _ASM_Ulong64ToReal
  45DE80 _ASM_ReadCPUTimeStamp
  45DE98 _ASM_ReadCPUTimeStampDelta
  45E000 $DEFAULTERRORS
  45F390 TYPE$BROWSECLASS
  45F778 TYPE$BROWSEEIPMANAGER
  45FA4C VMT$BROWSEEIPMANAGER
  45FAF4 VMT$BROWSECLASS
  45FCC8 TYPE$STANDARDBEHAVIOR
  45FD04 VMT$STANDARDBEHAVIOR
  45FD78 TYPE$COLORMAP
  45FDA4 TCB$COLORMAP
  45FDB4 TYPE$EDITENTRYCLASS
  45FDFC VMT$EDITENTRYCLASS
  45FFC8 STDERRORFILE$TYPE$RECORD
  45FFE0 $STDERRORFILE
  46005C TYPE$PNQ
  46007C TYPE$DEFAULTERRORS
  4602FC TYPE$HISTHANDLERCLASS
  460344 VMT$HISTHANDLERCLASS
  460374 TYPE$MSGBOXCLASS
  4605EC VMT$MSGBOXCLASS
  460678 TYPE$ERRORCLASS
  4608E4 VMT$ERRORCLASS
  460934 TYPE$STANDARDERRORLOGCLASS
  46096C VMT$STANDARDERRORLOGCLASS
  460984 TYPE$ERRORSTATUSCLASS
  460A8C VMT$ERRORSTATUSCLASS
  460B18 TYPE$UNTHREADEDFILEOPENERMAP
  460B3C TCB$UNTHREADEDFILEOPENERMAP
  460B4C TYPE$FILESMANAGER
  460B90 VMT$FILESMANAGER
  460B9C TYPE$FILEMAPPING_T
  460BC8 TYPE$FILEMAPPING_R
  460BF8 TYPE$STATUSQ_T
  460C60 TYPE$UNTHREADEDFILEOPENSERVER
  460CBC VMT$UNTHREADEDFILEOPENSERVER
  460CE0 TYPE$THREADEDFILEOPENSERVER
  460D20 VMT$THREADEDFILEOPENSERVER
  460F34 TYPE$FUZZYCLASS
  460FDC VMT$FUZZYCLASS
  461018 TYPE$POPUPITEMQUEUE
  461088 TYPE$POPUPCLASS
  461134 VMT$POPUPCLASS
  461204 TYPE$FIELDQUEUE
  4612BC TYPE$WINDOWRESIZECLASS
  4614FC TYPE$TOOLBARTARGETQUEUE
  461518 $LISTBOXTIPS
  4615D4 TYPE$TOOLBARCLASS
  4615EC VMT$TOOLBARCLASS
  461604 TYPE$TOOLBARLISTBOXCLASS
  461680 VMT$TOOLBARLISTBOXCLASS
  461748 TYPE$CONSTDESCRIPTORLIST
  461770 TYPE$CONSTANTCLASS
  461810 VMT$CONSTANTCLASS
  46181C TYPE$SELECTFILECLASS
  4618A8 VMT$SELECTFILECLASS
  4618B4 TYPE$INICLASS
  4618FC VMT$INICLASS
  461988 TYPE$BUFFEREDPAIRSCLASS
  4619AC VMT$BUFFEREDPAIRSCLASS
  4619E4 TYPE$FIELDPAIRSCLASS
  4619FC VMT$FIELDPAIRSCLASS
  461A30 TYPE$FILELIST
  461A54 TYPE$HISTORYLIST
  461A8C TYPE$BUTTONLIST
  461AB0 TYPE$COMPONENTLIST
  461ACC TYPE$CRITICALSECTION
  461AE4 VMT$CRITICALSECTION
  461AF0 TYPE$CRITICALPROCEDURE
  461B08 VMT$CRITICALPROCEDURE
  4638EC TYPE$CSRESIZECLASS
  46663C TYPE$STRINGDEFORMAT
  46664C TYPE$STRINGTHEORY
  46678C TYPE$STRINGFORMAT
  46679C TYPE$STRINGPICTURE
  4668E4 VMT$STRINGPICTURE
  466988 VMT$STRINGFORMAT
  4669D8 VMT$STRINGTHEORY
  466FDC VMT$STRINGDEFORMAT
  468DDC TYPE$HIDE:RELATE:PROJECTS
  468E80 VMT$HIDE:RELATE:PROJECTS
  468EBC TYPE$HIDE:ACCESS:PROJECTS
  4690CC VMT$HIDE:ACCESS:PROJECTS
  4691FC TYPE$THREADQ
  46921C TCB$THREADQ
  46922C TYPE$DICTIONARY
  46923C VMT$DICTIONARY
  469248 PROJECTS$TYPE$PRO:RECORD
  46AD40 TYPE$WTSNOTIFYQ
  46AD5C TYPE$WE::WM_Q
  46AD88 TYPE$WE:DCB
  46AE50 TYPE$DS_VIEWDEBUGQ
  46AFF0 P88$TCB$WINQ
  46B000 TCB$DS_VIEWDEBUGQ
  46B010 TCB$WE::WM_Q
  46B020 TCB$WTSNOTIFYQ
  46B030 TYPE$WA
  46B0B0 TYPE$MA
  46B0CC TYPE$DS_GSMEVENTSQ
  46B108 TYPE$WE:ICONQUEUE
  46B154 TYPE$WE:ICONHANDLEQUEUE
  46B60C VMTP$DICTIONARY
  46B644 VMTP$HIDE:RELATE:PROJECTS
  46B64C VMTP$HIDE:ACCESS:PROJECTS
  46B654 VMTP$FILESMANAGER
  46B65C VMTP$UNTHREADEDFILEOPENSERVER
  46B664 VMTP$THREADEDFILEOPENSERVER
  46B66C VMTP$CONSTANTCLASS
  46B674 VMTP$SELECTFILECLASS
  46B67C VMTP$INICLASS
  46B684 VMTP$BUFFEREDPAIRSCLASS
  46B68C VMTP$FIELDPAIRSCLASS
  46B694 VMTP$POPUPCLASS
  46B69C VMTP$TOOLBARCLASS
  46B6A4 VMTP$TOOLBARLISTBOXCLASS
  46B6AC VMTP$EDITENTRYCLASS
  46B6B4 VMTP$BROWSEEIPMANAGER
  46B6BC VMTP$BROWSECLASS
  46B6C4 VMTP$STANDARDBEHAVIOR
  46B6CC VMTP$HISTHANDLERCLASS
  46B6D4 VMTP$MSGBOXCLASS
  46B6DC VMTP$ERRORCLASS
  46B6E4 VMTP$STANDARDERRORLOGCLASS
  46B6EC VMTP$ERRORSTATUSCLASS
  46B6F4 VMTP$FUZZYCLASS
  46B6FC VMTP$STRINGTHEORY
  46B704 VMTP$STRINGFORMAT
  46B70C VMTP$STRINGPICTURE
  46B714 VMTP$STRINGDEFORMAT
  46B71C VMTP$CRITICALSECTION
  46B724 VMTP$CRITICALPROCEDURE
  46B730 $FUZZYMATCHER
  46CD54 $WE:DEVCB
  46EC38 $COLORMAP
  46EC70 $MULTIWINDOW
  46EC74 $TXTWINDOW
  46EC78 $WINDOW
  46EC7C STDERRORFILE$RECORD
  46F07C $UNTHREADEDFILEOPENERMAP
  46F084 $CREATEOPENERCRIT
  46F194 joSetProcessAffinityMask
  46F198 joGetProcessImageFileName
  46F19C joGetProcessMemoryInfo
  46F1A0 joSetTokenInformation
  46F1A4 joSetThreadToken
  46F1A8 joGetTokenInformation
  46F1AC joAdjustTokenPrivileges
  46F1B0 joAdjustTokenGroups
  46F1B4 joAccessCheck
  46F1B8 joOpenThreadToken
  46F1BC joOpenProcessToken
  46F1C0 joDuplicateTokenEx
  46F1C4 joAttachConsole
  46F1C8 joWTSGetActiveConsoleSessionId
  46F1CC joWTSEnumerateSessions
  46F1D0 joWTSQueryUserToken
  46F1D4 joWTSFreeMemory
  46F1D8 joDestroyEnvironmentBlock
  46F1DC joCreateEnvironmentBlock
  46F1E0 joProcessIdToSessionId
  46F1E4 joOpenThread
  46F1E8 joQueryInformationJobObject
  46F1EC joSetInformationJobObject
  46F1F0 joTerminateJobObject
  46F1F4 joAssignProcessToJobObject
  46F1F8 joCreateJobObject
  46F1FC joCloseHandle
  46F200 joProcess32Next
  46F204 joProcess32First
  46F208 joCreateToolhelp32Snapshot
  46F20C stNormalizeString
  46F210 $HNORMALIZ
  46F214 stInflateEnd
  46F218 stInflate
  46F21C stInflateInit2_
  46F220 stDeflateEnd
  46F224 stDeflate
  46F228 stDeflateInit2_
  46F22C $HZLIB
  46F230 $SEEDED
  46F234 $GLO:ST
  46F278 $THREADQ
  46F27C $GLOBALERRORS
  46F2B0 $INIMGR
  46F3C8 MEMOS$PROJECTS
  46F3CC $WE::MUSTCLOSE
  46F3D0 $WE::CRITICALSECTION
  46F3D8 $NOTWINDOW
  46F3DC $WTSNOTIFYQ
  46F3E0 $WE::WM_Q
  46F400 $DS_VIEWDEBUGQ
  46F57C $BALLOON98DATA
  46F704 P88$WINQ
  46F808 $DS_APPLICATION
  46F80C $DS_VIEWDEBUGEVENTPENDING
  46F810 $DS_VIEWDEBUGFREEZE
  46F814 $DS_VIEWDEBUGLISTMAX
  46F818 $DS_VIEWDEBUGIGNOREMOUSEMOVE
  46F81C $DS_VIEWDEBUGIGNORETIMER
  46F820 $DS_VIEWDEBUGTHREAD
  46F824 OkToEndSessionHandler
  46F828 EndSessionHandler
  46F82C $DEBUGCLIENTHANDLE
  46F830 $DEBUGHANDLE
  46F834 $VNOENDSESSION
  46F838 $VSERVICE
  46F83C $WATCHMESSAGES
  46F840 $WENOPAINT
  46F844 WC_WTSUnRegisterSessionNotification
  46F848 WC_WTSRegisterSessionNotification
  46F84C $WE::WM_TASKBARRESTART
  46F850 $WINEVENTDEBUG
  470008 PROJECTS$PRO:PKPROJGUIDKEY
  47002C KEYS$PROJECTS
  470030 $PROJECTS
  4700FC $EPOC
  470154 TCB$WA
  470164 TCB$MA
  470174 TCB$DS_GSMEVENTSQ
  470184 TCB$WE:ICONQUEUE
  470194 TCB$WE:ICONHANDLEQUEUE
  4701A4 $VUSERPOSTEDMESSAGE
  4701B0 $GLOBALERRORSTATUS
  4715D4 $GLOBALREQUEST
  4715D8 $GLOBALRESPONSE
  4715DC $VCRREQUEST
  4715E0 $DICTIONARY
  4715E4 PROJECTS$PRO:RECORD
  471B54 $RELATE:PROJECTS
  471B58 $ACCESS:PROJECTS
  4720D8 WEBCOMPRESSOR_BC0$_HIDE:RELATE:PROJECTS
  4720DC WEBCOMPRESSOR_BC0$_HIDE:ACCESS:PROJECTS
  4720E0 $FILESMANAGER
  4720F8 $SZDBTEXTLOG
  4729EC $WINEVENTEXTENDEDERR
  472AEC $WINEVENTERRPROC
  472BEC $WA
  472C0C $MA
  472C10 $DS_GSMEVENTSQ
  472D24 $WE:ICONQUEUE
  472D34 $WE:ICONHANDLEQUEUE
  472E38 $DS_TSGPF
  472E3C $DS_TSDATA
  474A20 $DS_TSLEVEL
  474A24 $CLOSEDWIN
  474A28 $VWTSID
  474A2C $VWTSEVENT
  474A30 $VWINSYSEVENT
  474A34 $VSYSPARAM2
  474A38 $VSYSPARAM1
  474A3C $VWINHELPCONTROL
  474A40 $VWINCONTROL
  474A44 $VWINEVENT
  474A48 $VPARAM2
  474A4C $VPARAM1
  474A50 $WINALERTDEBUGMESS
  474B4C $WINEVENTERRORCODE
  475000 __import_section_start
  4775A0 __import_section_end

Imports
ADVAPI32.dll:CreateProcessAsUserA 4750C0,401000
ADVAPI32.dll:LogonUserA 4750C4,401008
ADVAPI32.dll:RegCloseKey 4750C8,401010
ADVAPI32.dll:RegCreateKeyExA 4750CC
ADVAPI32.dll:RegOpenKeyExA 4750D0
ADVAPI32.dll:RegQueryValueExA 4750D4
ADVAPI32.dll:RegSetValueExA 4750D8
ClaASC.dll:ASCII 4750E8
ClaRUN.dll:AttachThreadToClarion 475550,401018
ClaRUN.dll:Cla$ACCEPTED 475554,401020
ClaRUN.dll:Cla$ADDqueue 475558
ClaRUN.dll:Cla$ADDqueuekey 47555C,401028
ClaRUN.dll:Cla$ADDqueueptr 475560
ClaRUN.dll:Cla$ALERT 475564,401030
ClaRUN.dll:Cla$AssignLong2RefUfo 475568
ClaRUN.dll:Cla$AssignReal2RefUfo 47556C
ClaRUN.dll:Cla$AssignRefUfo 475570
ClaRUN.dll:Cla$BEEP 475574,401038
ClaRUN.dll:Cla$BindG 475578
ClaRUN.dll:Cla$BLOB_GET_PROPERTY 47557C
ClaRUN.dll:Cla$BLOB_SET_PROPERTY 475580
ClaRUN.dll:Cla$BLOB_TAKE 475584
ClaRUN.dll:Cla$BLOB_YIELD 475588
ClaRUN.dll:Cla$BOX 47558C,401040
ClaRUN.dll:Cla$BSHIFT 475590
ClaRUN.dll:Cla$CHOICE 475594,401048
ClaRUN.dll:Cla$CLEAR 475598
ClaRUN.dll:Cla$CLEARqueue 47559C
ClaRUN.dll:Cla$clearstr 4755A0
ClaRUN.dll:Cla$ClearType 4755A4
ClaRUN.dll:Cla$ClearUfo 4755A8
ClaRUN.dll:Cla$CLOCK 4755AC,401050
ClaRUN.dll:Cla$CloneUfo 4755B0
ClaRUN.dll:Cla$CLOSEwindow 4755B4,401058
ClaRUN.dll:Cla$code 4755B8
ClaRUN.dll:Cla$COMMAND 4755BC,401060
ClaRUN.dll:Cla$COMMIT 4755C0,401068
ClaRUN.dll:Cla$comparestr 4755C4
ClaRUN.dll:Cla$CONVERTANSITOOEM 4755C8,401070
ClaRUN.dll:Cla$CONVERTOEMTOANSI 4755CC,401078
ClaRUN.dll:Cla$CREATE 4755D0
ClaRUN.dll:Cla$DATE 4755D4,401080
ClaRUN.dll:Cla$DecAdd 4755D8
ClaRUN.dll:Cla$DecCompareN 4755DC
ClaRUN.dll:Cla$DecDistinct 4755E0
ClaRUN.dll:Cla$DecDistinctR 4755E4
ClaRUN.dll:Cla$DecDivide 4755E8
ClaRUN.dll:Cla$DecMul 4755EC
ClaRUN.dll:Cla$DecSub 4755F0
ClaRUN.dll:Cla$DecSubR 4755F4
ClaRUN.dll:Cla$DeepAssign 4755F8
ClaRUN.dll:Cla$DELETEqueue 4755FC,401088
ClaRUN.dll:Cla$DELETEREG 475600,401090
ClaRUN.dll:Cla$DESTROY 475604,401098
ClaRUN.dll:Cla$DInt 475608
ClaRUN.dll:Cla$DISABLE 47560C,4010A0
ClaRUN.dll:Cla$DISPLAY 475610,4010A8
ClaRUN.dll:Cla$DISPOSEqueue 475614
ClaRUN.dll:Cla$DISPOSEref 475618
ClaRUN.dll:Cla$DISPOSEvref 47561C
ClaRUN.dll:Cla$Dlongpower 475620
ClaRUN.dll:Cla$DPopDec 475624
ClaRUN.dll:Cla$DPopLong 475628
ClaRUN.dll:Cla$DPopReal 47562C
ClaRUN.dll:Cla$DPopUlong 475630
ClaRUN.dll:Cla$DPushConstant 475634
ClaRUN.dll:Cla$DPushDec 475638
ClaRUN.dll:Cla$DPushLong 47563C
ClaRUN.dll:Cla$DPushReal 475640
ClaRUN.dll:Cla$DPushULong 475644
ClaRUN.dll:Cla$DRound 475648
ClaRUN.dll:Cla$DStack2Ufo 47564C
ClaRUN.dll:Cla$duplicate 475650
ClaRUN.dll:Cla$ENABLE 475654,4010B0
ClaRUN.dll:Cla$EndEventLoop 475658
ClaRUN.dll:Cla$EndEventLoops 47565C
ClaRUN.dll:Cla$ERRORCODE 475660,4010B8
ClaRUN.dll:Cla$ERRORFILE 475664,4010C0
ClaRUN.dll:Cla$Evaluate 475668,4010C8
ClaRUN.dll:Cla$EVENT 47566C,4010D0
ClaRUN.dll:Cla$FIELD 475670,4010D8
ClaRUN.dll:Cla$FIELDNAME 475674,4010E0
ClaRUN.dll:Cla$FILEDIALOG 475678,4010E8
ClaRUN.dll:Cla$FILEERRORCODE 47567C,4010F0
ClaRUN.dll:Cla$FILEERRORMSG 475680,4010F8
ClaRUN.dll:Cla$FileExists 475684,401100
ClaRUN.dll:Cla$FILE_ADDf 475688
ClaRUN.dll:Cla$FILE_BUFFER 47568C,401108
ClaRUN.dll:Cla$FILE_BUILDf 475690,401110
ClaRUN.dll:CLA$FILE_CALLBACK 475694,401118
ClaRUN.dll:Cla$FILE_CLEAR 475698
ClaRUN.dll:Cla$FILE_CLOSE 47569C,401120
ClaRUN.dll:Cla$FILE_CREATE 4756A0
ClaRUN.dll:Cla$FILE_DELETE 4756A4,401128
ClaRUN.dll:CLA$FILE_DESTROY 4756A8
ClaRUN.dll:Cla$FILE_DUPLICATEk 4756AC,401130
ClaRUN.dll:Cla$FILE_FLUSH 4756B0,401138
ClaRUN.dll:CLA$FILE_FREESTATE 4756B4,401140
ClaRUN.dll:Cla$FILE_GETfk 4756B8
ClaRUN.dll:Cla$FILE_GETfl 4756BC
ClaRUN.dll:Cla$FILE_GETNULLS 4756C0,401148
ClaRUN.dll:CLA$FILE_GETSTATE 4756C4,401150
ClaRUN.dll:Cla$FILE_GET_PROPERTY 4756C8
ClaRUN.dll:Cla$FILE_NAME 4756CC,401158
ClaRUN.dll:Cla$FILE_NEXT 4756D0,401160
ClaRUN.dll:Cla$FILE_NOMEMO 4756D4,401168
ClaRUN.dll:Cla$FILE_OPEN 4756D8,401170
ClaRUN.dll:Cla$FILE_POSITIONf 4756DC,401178
ClaRUN.dll:Cla$FILE_POSITIONk 4756E0,401180
ClaRUN.dll:Cla$FILE_PREV 4756E4,401188
ClaRUN.dll:Cla$FILE_PUTf 4756E8
ClaRUN.dll:Cla$FILE_REGETf 4756EC,401190
ClaRUN.dll:Cla$FILE_REGETk 4756F0,401198
ClaRUN.dll:Cla$FILE_RESETf 4756F4,4011A0
ClaRUN.dll:Cla$FILE_RESETk 4756F8,4011A8
ClaRUN.dll:CLA$FILE_RESTORESTATE 4756FC,4011B0
ClaRUN.dll:Cla$FILE_SEND 475700,4011B8
ClaRUN.dll:Cla$FILE_SETk 475704,4011C0
ClaRUN.dll:Cla$FILE_SETkk 475708,4011C8
ClaRUN.dll:Cla$FILE_SETNULLS 47570C,4011D0
ClaRUN.dll:Cla$FILE_SET_PROPERTY 475710
ClaRUN.dll:Cla$FILE_WATCH 475714,4011D8
ClaRUN.dll:Cla$FOCUS 475718,4011E0
ClaRUN.dll:Cla$FREEqueue 47571C
ClaRUN.dll:Cla$FREEqueuea 475720,4011E8
ClaRUN.dll:Cla$freestr 475724
ClaRUN.dll:Cla$FreeUfo 475728
ClaRUN.dll:Cla$freewindow 47572C
ClaRUN.dll:Cla$GETGROUP 475730,4011F0
ClaRUN.dll:Cla$GETINI 475734,4011F8
ClaRUN.dll:Cla$GETPOSITION 475738,401200
ClaRUN.dll:Cla$GetPropS 47573C
ClaRUN.dll:Cla$GETqueuekey 475740,401208
ClaRUN.dll:Cla$GETqueueptr 475744
ClaRUN.dll:Cla$GETREG 475748,401210
ClaRUN.dll:Cla$Group2Ufo 47574C
ClaRUN.dll:Cla$HALT 475750,401218
ClaRUN.dll:Cla$HIDE 475754,401220
ClaRUN.dll:Cla$HOWMANY 475758,401228
ClaRUN.dll:Cla$init 47575C
ClaRUN.dll:Cla$INSTANCE 475760,401230
ClaRUN.dll:Cla$INT 475764
ClaRUN.dll:Cla$IsAlpha 475768,401238
ClaRUN.dll:Cla$isftolower 47576C,401240
ClaRUN.dll:Cla$isftoupper 475770,401248
ClaRUN.dll:Cla$ISGROUP 475774,401250
ClaRUN.dll:Cla$IsUfoString 475778,401258
ClaRUN.dll:Cla$KEYCODE 47577C,401260
ClaRUN.dll:Cla$KEY_GET_PROPERTY 475780
ClaRUN.dll:Cla$LASTFIELD 475784,401268
ClaRUN.dll:Cla$LFNDIRECTORY 475788,401270
ClaRUN.dll:Cla$LINE 47578C,401278
ClaRUN.dll:Cla$LOGOUT 475790,401280
ClaRUN.dll:Cla$Long2Ufo 475794
ClaRUN.dll:Cla$LONGPATH 475798,401288
ClaRUN.dll:Cla$longtostr 47579C
ClaRUN.dll:Cla$Mem2Ufo 4757A0
ClaRUN.dll:Cla$MessageBox 4757A4,401290
ClaRUN.dll:Cla$modulus 4757A8
ClaRUN.dll:Cla$MONTH 4757AC,401298
ClaRUN.dll:Cla$MOUSEX 4757B0,4012A0
ClaRUN.dll:Cla$MOUSEY 4757B4,4012A8
ClaRUN.dll:Cla$NewMemB 4757B8
ClaRUN.dll:Cla$NewMemT 4757BC
ClaRUN.dll:Cla$NewMemZ 4757C0
ClaRUN.dll:Cla$NEWqueue 4757C4
ClaRUN.dll:Cla$NOTIFICATION 4757C8,4012B0
ClaRUN.dll:Cla$OPENowned 4757CC,4012B8
ClaRUN.dll:Cla$OPENwindow 4757D0,4012C0
ClaRUN.dll:Cla$PEEK 4757D4
ClaRUN.dll:Cla$POINTERqueue 4757D8,4012C8
ClaRUN.dll:Cla$PopAString 4757DC
ClaRUN.dll:Cla$PopBind 4757E0,4012D0
ClaRUN.dll:Cla$PopCString 4757E4
ClaRUN.dll:Cla$poperrcodes 4757E8,4012D8
ClaRUN.dll:Cla$PopPString 4757EC
ClaRUN.dll:Cla$PopReal 4757F0
ClaRUN.dll:Cla$PopString 4757F4
ClaRUN.dll:Cla$PopTemp 4757F8
ClaRUN.dll:Cla$POPUP 4757FC,4012E0
ClaRUN.dll:Cla$POST 475800,4012E8
ClaRUN.dll:Cla$PRESSKEY 475804,4012F0
ClaRUN.dll:Cla$PushAString 475808
ClaRUN.dll:Cla$PushBind 47580C,4012F8
ClaRUN.dll:Cla$PushCString 475810
ClaRUN.dll:Cla$pusherrcodes 475814,401300
ClaRUN.dll:Cla$PushLong 475818
ClaRUN.dll:Cla$PushNull 47581C
ClaRUN.dll:Cla$PushPictDec 475820
ClaRUN.dll:Cla$PushPictLong 475824
ClaRUN.dll:Cla$PushReal 475828
ClaRUN.dll:Cla$PushString 47582C
ClaRUN.dll:Cla$PushTemp 475830
ClaRUN.dll:Cla$PushUfo 475834
ClaRUN.dll:Cla$PUTINI 475838,401308
ClaRUN.dll:Cla$PUTqueue 47583C
ClaRUN.dll:Cla$PUTqueuekey 475840,401310
ClaRUN.dll:Cla$PUTREG 475844,401318
ClaRUN.dll:Cla$pwopen 475848,401320
ClaRUN.dll:Cla$RANDOM 47584C,401328
ClaRUN.dll:Cla$realdistinct 475850
ClaRUN.dll:Cla$RECORDSqueue 475854,401330
ClaRUN.dll:Cla$RefAssignAny 475858
ClaRUN.dll:Cla$REGISTEREVENT 47585C,401338
ClaRUN.dll:Cla$REGULAR 475860,401340
ClaRUN.dll:Cla$RemoveFile 475864,401348
ClaRUN.dll:Cla$RESUME 475868,401350
ClaRUN.dll:Cla$ROLLBACK 47586C,401358
ClaRUN.dll:Cla$rterr 475870,401360
ClaRUN.dll:Cla$SELECT 475874,401368
ClaRUN.dll:Cla$SETCURSOR 475878,401370
ClaRUN.dll:Cla$SETKEYCODE 47587C,401378
ClaRUN.dll:Cla$SETPATH 475880,401380
ClaRUN.dll:Cla$SETPENCOLOR 475884,401388
ClaRUN.dll:Cla$SETPOSITION 475888,401390
ClaRUN.dll:Cla$SetPropF 47588C
ClaRUN.dll:Cla$SetPropS 475890
ClaRUN.dll:Cla$SetPropV 475894
ClaRUN.dll:Cla$SETTARGET 475898,401398
ClaRUN.dll:Cla$SHORTPATH 47589C,4013A0
ClaRUN.dll:Cla$SORTqueuefkey 4758A0
ClaRUN.dll:Cla$SORTqueuekey 4758A4,4013A8
ClaRUN.dll:Cla$Stack2DStack 4758A8
ClaRUN.dll:Cla$Stack2Ufo 4758AC
ClaRUN.dll:Cla$StackALL 4758B0,4013B0
ClaRUN.dll:Cla$StackCLIP 4758B4,4013B8
ClaRUN.dll:Cla$StackCompare 4758B8
ClaRUN.dll:Cla$StackCompareN 4758BC
ClaRUN.dll:Cla$StackCompareNEQ 4758C0
ClaRUN.dll:Cla$StackCompareR 4758C4
ClaRUN.dll:Cla$StackConcat 4758C8
ClaRUN.dll:Cla$StackConcatR 4758CC
ClaRUN.dll:Cla$StackDEFORMAT2 4758D0
ClaRUN.dll:Cla$StackErrstr 4758D4,4013C0
ClaRUN.dll:Cla$StackFORMAT2 4758D8
ClaRUN.dll:Cla$StackHeap 4758DC
ClaRUN.dll:Cla$StackINLIST 4758E0
ClaRUN.dll:Cla$StackINSTRING 4758E4,4013C8
ClaRUN.dll:Cla$StackLEFT 4758E8,4013D0
ClaRUN.dll:Cla$StackLen 4758EC,4013D8
ClaRUN.dll:Cla$StackLOWER 4758F0,4013E0
ClaRUN.dll:Cla$StackNUMERIC 4758F4,4013E8
ClaRUN.dll:Cla$STACKpop 4758F8
ClaRUN.dll:Cla$StackRIGHT 4758FC,4013F0
ClaRUN.dll:Cla$StackRotate 475900
ClaRUN.dll:Cla$StackSUB 475904,4013F8
ClaRUN.dll:Cla$StackUPPER 475908,401400
ClaRUN.dll:Cla$StackVAL 47590C
ClaRUN.dll:Cla$START2 475910,401408
ClaRUN.dll:Cla$StartEventLoop 475914
ClaRUN.dll:Cla$storecstr 475918
ClaRUN.dll:Cla$storepstr 47591C
ClaRUN.dll:Cla$storestr 475920
ClaRUN.dll:Cla$String2Ref 475924
ClaRUN.dll:Cla$THREAD 475928,401410
ClaRUN.dll:Cla$THREAD_FILE 47592C
ClaRUN.dll:Cla$TODAY 475930,401418
ClaRUN.dll:Cla$Ufo2Real 475934
ClaRUN.dll:Cla$UfoCompareN 475938
ClaRUN.dll:Cla$Ufodistinct 47593C
ClaRUN.dll:Cla$UNHIDE 475940,401420
ClaRUN.dll:Cla$UNREGISTEREVENT 475944,401428
ClaRUN.dll:Cla$UPDATE 475948,401430
ClaRUN.dll:Cla$VIEW_RESETvf 47594C,401438
ClaRUN.dll:Cla$VIEW_SETvl 475950,401440
ClaRUN.dll:Cla$WHAT 475954,401448
ClaRUN.dll:Cla$WHOqueue 475958,401450
ClaRUN.dll:Cla$YEAR 47595C,401458
ClaRUN.dll:Cla$YIELD 475960,401460
ClaRUN.dll:NewCriticalSection 475964,401468
ClaRUN.dll:THR$GetInstance 475968,401470
ClaRUN.dll:VIEWDRIVER 47596C
ClaRUN.dll:_exit 475970,401478
ClaRUN.dll:_free 475974
ClaRUN.dll:_getenv 475978,401480
ClaRUN.dll:_malloc 47597C
ClaRUN.dll:_memchr 475980,401488
ClaRUN.dll:_memcmp 475984,401490
ClaRUN.dll:_memcpy 475988,401498
ClaRUN.dll:_memicmp 47598C,4014A0
ClaRUN.dll:_memmove 475990,4014A8
ClaRUN.dll:_memset 475994,4014B0
ClaRUN.dll:_nullstrlen 475998
ClaRUN.dll:_rand 47599C,4014B8
ClaRUN.dll:_srand 4759A0,4014C0
ClaRUN.dll:__sysinit 4759A4,4014C8
ClaRUN.dll:__sysstart 4759A8,4014D0
ClaTPS.dll:TOPSPEED 4759B8
KERNEL32.dll:CloseHandle 475A4C,4014D8
KERNEL32.dll:CreateFileA 475A50,4014E0
KERNEL32.dll:CreatePipe 475A54,4014E8
KERNEL32.dll:CreateProcessA 475A58,4014F0
KERNEL32.dll:DuplicateHandle 475A5C,4014F8
KERNEL32.dll:FormatMessageA 475A60,401500
KERNEL32.dll:FreeLibrary 475A64,401508
KERNEL32.dll:GetCurrentProcess 475A68,401510
KERNEL32.dll:GetCurrentProcessId 475A6C,401518
KERNEL32.dll:GetExitCodeProcess 475A70,401520
KERNEL32.dll:GetFileSize 475A74,401528
KERNEL32.dll:GetLastError 475A78,401530
KERNEL32.dll:GetLogicalDriveStringsA 475A7C,401538
KERNEL32.dll:GetProcAddress 475A80,401540
KERNEL32.dll:GetProcessAffinityMask 475A84,401548
KERNEL32.dll:GetSystemInfo 475A88,401550
KERNEL32.dll:GetSystemTime 475A8C
KERNEL32.dll:LoadLibraryA 475A90,401558
KERNEL32.dll:LoadLibraryExA 475A94,401560
KERNEL32.dll:MultiByteToWideChar 475A98,401568
KERNEL32.dll:OpenProcess 475A9C,401570
KERNEL32.dll:OutputDebugStringA 475AA0,401578
KERNEL32.dll:QueryDosDeviceA 475AA4,401580
KERNEL32.dll:QueryPerformanceCounter 475AA8,401588
KERNEL32.dll:QueryPerformanceFrequency 475AAC,401590
KERNEL32.dll:ReadFile 475AB0,401598
KERNEL32.dll:SetFilePointer 475AB4,4015A0
KERNEL32.dll:SetHandleInformation 475AB8,4015A8
KERNEL32.dll:SetLastError 475ABC,4015B0
KERNEL32.dll:Sleep 475AC0,4015B8
KERNEL32.dll:SleepEx 475AC4,4015C0
KERNEL32.dll:TerminateProcess 475AC8,4015C8
KERNEL32.dll:WideCharToMultiByte 475ACC,4015D0
KERNEL32.dll:WriteFile 475AD0,4015D8
SHELL32.dll:ShellExecuteA 475AE0,4015E0
USER32.dll:CallWindowProcA 475B0C,4015E8
USER32.dll:GetActiveWindow 475B10,4015F0
USER32.dll:GetSysColor 475B14,4015F8
USER32.dll:GetSystemMetrics 475B18,401600
USER32.dll:GetWindowRect 475B1C,401608
USER32.dll:InvalidateRect 475B20,401610
USER32.dll:SetWindowLongA 475B24,401618
USER32.dll:SystemParametersInfoA 475B28,401620



Entry Point:   41B010